INFO:root:11:16:03 --> 当前错题集状态正常，无需更新~~
INFO:root:11:16:03 --> 路径错误，未找到对应的py文件：D:/Code/直播代码/选股框架_2024.1.8.1/program/Config.py
INFO:root:11:16:19 --> 当前错题集状态正常，无需更新~~
INFO:root:11:16:19 --> 从指数获取最新交易日：2024-09-09，交易模式：False
INFO:root:11:16:19 --> 脚本1：指数起始时间:2005-01-05 00:00:00,指数结束时间:2024-09-09 00:00:00
INFO:root:11:16:19 --> 脚本1：回测模式，所有offset都将运行
INFO:root:11:16:19 --> 
=====正在读取因子数据：归母净利润=====
INFO:root:11:16:22 --> ==========文件后缀：W_0_30.csv==========
INFO:root:11:16:24 --> 周期参数：W_0_30.csv，求和字段：['总市值', '单季度归母净利润']，求均值字段：[]
INFO:root:11:16:25 --> 文件大小：1338569104，可用内存大小：16789225472
INFO:root:11:16:25 --> ==========多线程数量：12==========
INFO:root:11:16:26 --> 当前错题集状态正常，无需更新~~
INFO:root:11:16:26 --> 当前错题集状态正常，无需更新~~
INFO:root:11:16:27 --> 当前错题集状态正常，无需更新~~
INFO:root:11:16:27 --> 当前错题集状态正常，无需更新~~
INFO:root:11:16:28 --> 当前错题集状态正常，无需更新~~
INFO:root:11:16:28 --> 当前错题集状态正常，无需更新~~
INFO:root:11:16:29 --> 当前错题集状态正常，无需更新~~
INFO:root:11:16:30 --> 当前错题集状态正常，无需更新~~
INFO:root:11:16:30 --> 当前错题集状态正常，无需更新~~
INFO:root:11:16:31 --> 当前错题集状态正常，无需更新~~
INFO:root:11:16:32 --> 当前错题集状态正常，无需更新~~
INFO:root:11:16:33 --> 当前错题集状态正常，无需更新~~
INFO:root:11:16:50 --> ==========文件后缀：W_0_@.csv==========
INFO:root:11:16:53 --> 周期参数：W_0_@.csv，求和字段：[]，求均值字段：[]
INFO:root:11:16:53 --> 文件大小：1338569104，可用内存大小：16693514240
INFO:root:11:16:53 --> ==========多线程数量：12==========
INFO:root:11:17:41 --> 当前错题集状态正常，无需更新~~
INFO:root:11:17:41 --> 脚本1：基准起始时间:2008-12-31 00:00:00,基准结束时间:2024-09-06 00:00:00
INFO:root:11:17:41 --> 
==========正在回测：风火轮2_动态动量  W_0  1==========
INFO:root:11:17:41 --> 脚本2：原始数据截止时间：2024-09-09 00:00:00
INFO:root:11:17:41 --> 2024-08-16 00:00:00对应的周期数是5.0，最大日期在日历里的索引是4766，找到真正的截止日期是2024-08-23 00:00:00
INFO:root:11:18:26 --> 当前错题集状态正常，无需更新~~
INFO:root:11:18:27 --> 脚本1：基准起始时间:2008-12-31 00:00:00,基准结束时间:2024-09-06 00:00:00
INFO:root:11:18:27 --> 
==========正在回测：风火轮2_动态动量  W_0  1==========
INFO:root:11:18:27 --> 脚本2：原始数据截止时间：2024-09-09 00:00:00
INFO:root:11:21:28 --> 当前错题集状态正常，无需更新~~
INFO:root:11:21:28 --> 脚本1：基准起始时间:2008-12-31 00:00:00,基准结束时间:2024-09-06 00:00:00
INFO:root:11:21:28 --> 
==========正在回测：风火轮2_动态动量  W_0  1==========
INFO:root:11:21:28 --> 脚本2：原始数据截止时间：2024-09-09 00:00:00
INFO:root:11:21:28 --> 2024-08-16 00:00:00对应的周期数是5.0，最大日期在日历里的索引是4766，找到真正的截止日期是2024-08-23 00:00:00
INFO:root:11:23:13 --> 当前错题集状态正常，无需更新~~
INFO:root:11:23:13 --> 脚本1：基准起始时间:2008-12-31 00:00:00,基准结束时间:2024-09-06 00:00:00
INFO:root:11:23:13 --> 
==========正在回测：风火轮2_动态动量  W_0  1==========
INFO:root:11:23:13 --> 脚本2：原始数据截止时间：2024-09-09 00:00:00
INFO:root:11:23:13 --> 2024-08-16 00:00:00对应的周期数是5.0，最大日期在日历里的索引是4766，找到真正的截止日期是2024-08-23 00:00:00
INFO:root:11:49:42 --> 当前错题集状态正常，无需更新~~
INFO:root:11:49:43 --> 脚本1：基准起始时间:2008-12-31 00:00:00,基准结束时间:2024-09-06 00:00:00
INFO:root:11:49:43 --> 
==========正在回测：风火轮2_动态动量  W_0  1==========
INFO:root:11:49:43 --> 脚本2：原始数据截止时间：2024-09-09 00:00:00
INFO:root:11:56:59 --> 2024-08-16 00:00:00对应的周期数是5.0，最大日期在日历里的索引是4766，找到真正的截止日期是2024-08-23 00:00:00
INFO:root:11:57:33 --> 当前错题集状态正常，无需更新~~
INFO:root:11:57:33 --> 脚本1：基准起始时间:2008-12-31 00:00:00,基准结束时间:2024-09-06 00:00:00
INFO:root:11:57:33 --> 
==========正在回测：风火轮2_动态动量  W_0  1==========
INFO:root:11:57:34 --> 脚本2：原始数据截止时间：2024-09-09 00:00:00
INFO:root:11:57:38 --> 2024-08-16 00:00:00对应的周期数是5.0，最大日期在日历里的索引是4766，找到真正的截止日期是2024-08-23 00:00:00
INFO:root:12:00:00 --> 当前错题集状态正常，无需更新~~
INFO:root:12:00:00 --> 脚本1：基准起始时间:2008-12-31 00:00:00,基准结束时间:2024-09-06 00:00:00
INFO:root:12:00:00 --> 
==========正在回测：风火轮2_动态动量  W_0  1==========
INFO:root:12:00:00 --> 脚本2：原始数据截止时间：2024-09-09 00:00:00
INFO:root:12:00:01 --> 2024-08-16 00:00:00对应的周期数是5.0，最大日期在日历里的索引是4766，找到真正的截止日期是2024-08-23 00:00:00
INFO:root:14:07:57 --> 当前错题集状态正常，无需更新~~
INFO:root:14:07:57 --> 脚本1：基准起始时间:2008-12-31 00:00:00,基准结束时间:2024-09-06 00:00:00
INFO:root:14:07:57 --> 
==========正在回测：风火轮2_动态动量  W_0  1==========
INFO:root:14:07:57 --> 脚本2：原始数据截止时间：2024-09-09 00:00:00
INFO:root:14:41:04 --> 当前错题集状态正常，无需更新~~
INFO:root:14:41:05 --> 脚本1：基准起始时间:2008-12-31 00:00:00,基准结束时间:2024-09-06 00:00:00
INFO:root:14:41:05 --> 
==========正在回测：风火轮2_动态动量  W_0  1==========
INFO:root:14:41:05 --> 脚本2：原始数据截止时间：2024-09-09 00:00:00
INFO:root:14:41:09 --> 2024-08-16 00:00:00对应的周期数是5.0，最大日期在日历里的索引是4766，找到真正的截止日期是2024-08-23 00:00:00
INFO:root:14:43:17 --> 当前错题集状态正常，无需更新~~
INFO:root:14:43:18 --> 脚本1：基准起始时间:2008-12-31 00:00:00,基准结束时间:2024-09-06 00:00:00
INFO:root:14:43:18 --> 
==========正在回测：风火轮2_动态动量  W_0  1==========
INFO:root:14:43:18 --> 脚本2：原始数据截止时间：2024-09-09 00:00:00
INFO:root:14:45:54 --> 当前错题集状态正常，无需更新~~
INFO:root:14:45:54 --> 脚本1：基准起始时间:2008-12-31 00:00:00,基准结束时间:2024-09-06 00:00:00
INFO:root:14:45:54 --> 
==========正在回测：风火轮2_动态动量  W_0  1==========
INFO:root:14:45:54 --> 脚本2：原始数据截止时间：2024-09-09 00:00:00
INFO:root:14:46:00 --> 2024-08-16 00:00:00对应的周期数是5.0，最大日期在日历里的索引是4766，找到真正的截止日期是2024-08-23 00:00:00
INFO:root:14:47:16 --> 当前错题集状态正常，无需更新~~
INFO:root:14:47:17 --> 脚本1：基准起始时间:2008-12-31 00:00:00,基准结束时间:2024-09-06 00:00:00
INFO:root:14:47:17 --> 
==========正在回测：风火轮2_动态动量  W_0  1==========
INFO:root:14:47:17 --> 脚本2：原始数据截止时间：2024-09-09 00:00:00
INFO:root:14:47:17 --> 2024-08-16 00:00:00对应的周期数是5.0，最大日期在日历里的索引是4766，找到真正的截止日期是2024-08-23 00:00:00
INFO:root:14:51:20 --> 当前错题集状态正常，无需更新~~
INFO:root:14:51:20 --> 脚本1：基准起始时间:2008-12-31 00:00:00,基准结束时间:2024-09-06 00:00:00
INFO:root:14:51:20 --> 
==========正在回测：风火轮2_动态动量  W_0  1==========
INFO:root:14:51:20 --> 脚本2：原始数据截止时间：2024-09-09 00:00:00
INFO:root:14:51:20 --> 2024-08-16 00:00:00对应的周期数是5.0，最大日期在日历里的索引是4766，找到真正的截止日期是2024-08-23 00:00:00
INFO:root:14:51:33 --> 当前错题集状态正常，无需更新~~
INFO:root:14:51:33 --> 脚本1：基准起始时间:2008-12-31 00:00:00,基准结束时间:2024-09-06 00:00:00
INFO:root:14:51:33 --> 
==========正在回测：风火轮2_动态动量  W_0  1==========
INFO:root:14:51:33 --> 脚本2：原始数据截止时间：2024-09-09 00:00:00
INFO:root:14:51:33 --> 2024-08-16 00:00:00对应的周期数是5.0，最大日期在日历里的索引是4766，找到真正的截止日期是2024-08-23 00:00:00
INFO:root:14:51:53 --> 当前错题集状态正常，无需更新~~
INFO:root:14:51:54 --> 脚本1：基准起始时间:2008-12-31 00:00:00,基准结束时间:2024-09-06 00:00:00
INFO:root:14:51:54 --> 
==========正在回测：风火轮2_动态动量  W_0  1==========
INFO:root:14:51:54 --> 脚本2：原始数据截止时间：2024-09-09 00:00:00
INFO:root:14:51:54 --> 2024-08-16 00:00:00对应的周期数是5.0，最大日期在日历里的索引是4766，找到真正的截止日期是2024-08-23 00:00:00
INFO:root:14:53:53 --> 当前错题集状态正常，无需更新~~
INFO:root:14:53:53 --> 脚本1：基准起始时间:2008-12-31 00:00:00,基准结束时间:2024-09-06 00:00:00
INFO:root:14:53:53 --> 
==========正在回测：风火轮2_动态动量  W_0  1==========
INFO:root:14:53:53 --> 脚本2：原始数据截止时间：2024-09-09 00:00:00
INFO:root:15:30:22 --> 当前错题集状态正常，无需更新~~
INFO:root:15:30:22 --> 脚本1：基准起始时间:2008-12-31 00:00:00,基准结束时间:2024-09-06 00:00:00
INFO:root:15:30:22 --> 
==========正在回测：风火轮2_动态动量  W_0  1==========
INFO:root:15:30:22 --> 脚本2：原始数据截止时间：2024-09-09 00:00:00
INFO:root:15:30:42 --> 当前错题集状态正常，无需更新~~
INFO:root:15:30:42 --> 脚本1：基准起始时间:2008-12-31 00:00:00,基准结束时间:2024-09-06 00:00:00
INFO:root:15:30:42 --> 
==========正在回测：风火轮2_动态动量  W_0  1==========
INFO:root:15:30:42 --> 脚本2：原始数据截止时间：2024-09-09 00:00:00
INFO:root:15:36:33 --> 2024-08-16 00:00:00对应的周期数是5.0，最大日期在日历里的索引是4766，找到真正的截止日期是2024-08-23 00:00:00
INFO:root:15:37:32 --> 当前错题集状态正常，无需更新~~
INFO:root:15:37:32 --> 脚本1：基准起始时间:2008-12-31 00:00:00,基准结束时间:2024-09-06 00:00:00
INFO:root:15:37:32 --> 
==========正在回测：风火轮2_动态动量  W_0  1==========
INFO:root:15:37:32 --> 脚本2：原始数据截止时间：2024-09-09 00:00:00
INFO:root:15:37:32 --> 2024-08-16 00:00:00对应的周期数是5.0，最大日期在日历里的索引是4766，找到真正的截止日期是2024-08-23 00:00:00
INFO:root:15:39:55 --> 当前错题集状态正常，无需更新~~
INFO:root:15:39:55 --> 脚本1：基准起始时间:2008-12-31 00:00:00,基准结束时间:2024-09-06 00:00:00
INFO:root:15:39:55 --> 
==========正在回测：风火轮2_动态动量  W_0  1==========
INFO:root:15:39:55 --> 脚本2：原始数据截止时间：2024-09-09 00:00:00
INFO:root:15:39:55 --> 2024-08-16 00:00:00对应的周期数是5.0，最大日期在日历里的索引是4766，找到真正的截止日期是2024-08-23 00:00:00
INFO:root:15:44:24 --> 当前错题集状态正常，无需更新~~
INFO:root:15:44:25 --> 脚本1：基准起始时间:2008-12-31 00:00:00,基准结束时间:2024-09-06 00:00:00
INFO:root:15:44:25 --> 
==========正在回测：风火轮2_动态动量  W_0  1==========
INFO:root:15:44:25 --> 脚本2：原始数据截止时间：2024-09-09 00:00:00
INFO:root:15:44:25 --> 2024-08-16 00:00:00对应的周期数是5.0，最大日期在日历里的索引是4766，找到真正的截止日期是2024-08-23 00:00:00
INFO:root:15:49:58 --> 当前错题集状态正常，无需更新~~
INFO:root:15:49:58 --> 脚本1：基准起始时间:2008-12-31 00:00:00,基准结束时间:2024-09-06 00:00:00
INFO:root:15:49:58 --> 
==========正在回测：风火轮2_动态动量  W_0  1==========
INFO:root:15:49:58 --> 脚本2：原始数据截止时间：2024-09-09 00:00:00
INFO:root:15:49:58 --> 2024-08-16 00:00:00对应的周期数是5.0，最大日期在日历里的索引是4766，找到真正的截止日期是2024-08-23 00:00:00
INFO:root:15:50:01 --> 平均开平仓比例：0.364
INFO:root:15:52:02 --> 当前错题集状态正常，无需更新~~
INFO:root:15:52:03 --> 脚本1：基准起始时间:2008-12-31 00:00:00,基准结束时间:2024-09-06 00:00:00
INFO:root:15:52:03 --> 
==========正在回测：风火轮2_动态动量  W_0  1==========
INFO:root:15:52:03 --> 脚本2：原始数据截止时间：2024-09-09 00:00:00
INFO:root:15:52:03 --> 2024-08-16 00:00:00对应的周期数是5.0，最大日期在日历里的索引是4766，找到真正的截止日期是2024-08-23 00:00:00
INFO:root:15:52:16 --> 平均开平仓比例：0.364
INFO:root:15:52:29 --> 当前错题集状态正常，无需更新~~
INFO:root:15:52:30 --> 脚本1：基准起始时间:2008-12-31 00:00:00,基准结束时间:2024-09-06 00:00:00
INFO:root:15:52:30 --> 
==========正在回测：风火轮2_动态动量  W_0  1==========
INFO:root:15:52:30 --> 脚本2：原始数据截止时间：2024-09-09 00:00:00
INFO:root:15:52:30 --> 2024-08-16 00:00:00对应的周期数是5.0，最大日期在日历里的索引是4766，找到真正的截止日期是2024-08-23 00:00:00
INFO:root:15:53:58 --> 当前错题集状态正常，无需更新~~
INFO:root:15:53:58 --> 脚本1：基准起始时间:2008-12-31 00:00:00,基准结束时间:2024-09-06 00:00:00
INFO:root:15:53:58 --> 
==========正在回测：风火轮2_动态动量  W_0  1==========
INFO:root:15:53:58 --> 脚本2：原始数据截止时间：2024-09-09 00:00:00
INFO:root:15:53:58 --> 2024-08-16 00:00:00对应的周期数是5.0，最大日期在日历里的索引是4766，找到真正的截止日期是2024-08-23 00:00:00
INFO:root:15:54:01 --> 平均开平仓比例：0.364
INFO:root:15:54:01 --> Traceback (most recent call last):
  File "D:/Code/直播代码/轮动框架_2024.1.8.3/program/2_选策略.py", line 165, in <module>
    equity.to_csv(equity_path, encoding='gbk', index=False)
  File "C:\Users\Quant\AppData\Local\Programs\Python\Python38\lib\site-packages\pandas\util\_decorators.py", line 211, in wrapper
    return func(*args, **kwargs)
  File "C:\Users\Quant\AppData\Local\Programs\Python\Python38\lib\site-packages\pandas\core\generic.py", line 3720, in to_csv
    return DataFrameRenderer(formatter).to_csv(
  File "C:\Users\Quant\AppData\Local\Programs\Python\Python38\lib\site-packages\pandas\util\_decorators.py", line 211, in wrapper
    return func(*args, **kwargs)
  File "C:\Users\Quant\AppData\Local\Programs\Python\Python38\lib\site-packages\pandas\io\formats\format.py", line 1189, in to_csv
    csv_formatter.save()
  File "C:\Users\Quant\AppData\Local\Programs\Python\Python38\lib\site-packages\pandas\io\formats\csvs.py", line 241, in save
    with get_handle(
  File "C:\Users\Quant\AppData\Local\Programs\Python\Python38\lib\site-packages\pandas\io\common.py", line 856, in get_handle
    handle = open(
PermissionError: [Errno 13] Permission denied: 'D:\\Code\\直播代码\\轮动框架_2024.1.8.3\\data/回测结果/轮动策略/风火轮2_动态动量_W_0_30_1.csv'

未在错题集里面找到对应的答案，如果自己搞不定的话，及时找助教帮忙哦~
INFO:root:15:54:11 --> 当前错题集状态正常，无需更新~~
INFO:root:15:54:11 --> 脚本1：基准起始时间:2008-12-31 00:00:00,基准结束时间:2024-09-06 00:00:00
INFO:root:15:54:11 --> 
==========正在回测：风火轮2_动态动量  W_0  1==========
INFO:root:15:54:11 --> 脚本2：原始数据截止时间：2024-09-09 00:00:00
INFO:root:15:54:11 --> 2024-08-16 00:00:00对应的周期数是5.0，最大日期在日历里的索引是4766，找到真正的截止日期是2024-08-23 00:00:00
INFO:root:15:54:14 --> 平均开平仓比例：0.364
INFO:root:15:58:00 --> 当前错题集状态正常，无需更新~~
INFO:root:15:58:01 --> 脚本1：基准起始时间:2008-12-31 00:00:00,基准结束时间:2024-09-06 00:00:00
INFO:root:15:58:01 --> 
==========正在回测：风火轮2_动态动量  W_0  1==========
INFO:root:15:58:01 --> 脚本2：原始数据截止时间：2024-09-09 00:00:00
INFO:root:15:58:01 --> 2024-09-06 00:00:00对应的周期数是1.0，最大日期在日历里的索引是4781，找到真正的截止日期是2024-09-09 00:00:00
INFO:root:15:58:04 --> 平均开平仓比例：0.401
INFO:root:16:42:09 --> 当前错题集状态正常，无需更新~~
INFO:root:16:42:10 --> 脚本1：基准起始时间:2008-12-31 00:00:00,基准结束时间:2024-09-06 00:00:00
INFO:root:16:42:10 --> 
==========正在回测：风火轮2_动态动量  W_0  1==========
INFO:root:16:42:10 --> 脚本2：原始数据截止时间：2024-09-09 00:00:00
INFO:root:16:42:10 --> 2024-09-06 00:00:00对应的周期数是1.0，最大日期在日历里的索引是4781，找到真正的截止日期是2024-09-09 00:00:00
INFO:root:16:42:44 --> 当前错题集状态正常，无需更新~~
INFO:root:16:42:45 --> 脚本1：基准起始时间:2008-12-31 00:00:00,基准结束时间:2024-09-06 00:00:00
INFO:root:16:42:45 --> 
==========正在回测：风火轮2_动态动量  W_0  1==========
INFO:root:16:42:45 --> 脚本2：原始数据截止时间：2024-09-09 00:00:00
INFO:root:16:42:45 --> 2024-09-06 00:00:00对应的周期数是1.0，最大日期在日历里的索引是4781，找到真正的截止日期是2024-09-09 00:00:00
INFO:root:16:43:19 --> 当前错题集状态正常，无需更新~~
INFO:root:16:43:20 --> 脚本1：基准起始时间:2008-12-31 00:00:00,基准结束时间:2024-09-06 00:00:00
INFO:root:16:43:20 --> 
==========正在回测：风火轮2_动态动量  W_0  1==========
INFO:root:16:43:20 --> 脚本2：原始数据截止时间：2024-09-09 00:00:00
INFO:root:16:43:20 --> 2024-09-06 00:00:00对应的周期数是1.0，最大日期在日历里的索引是4781，找到真正的截止日期是2024-09-09 00:00:00
INFO:root:16:48:31 --> 当前错题集状态正常，无需更新~~
INFO:root:16:48:31 --> 脚本1：基准起始时间:2008-12-31 00:00:00,基准结束时间:2024-09-06 00:00:00
INFO:root:16:48:31 --> 
==========正在回测：风火轮2_动态动量  W_0  1==========
INFO:root:16:48:31 --> 脚本2：原始数据截止时间：2024-09-09 00:00:00
INFO:root:16:48:32 --> 2024-09-06 00:00:00对应的周期数是1.0，最大日期在日历里的索引是4781，找到真正的截止日期是2024-09-09 00:00:00
INFO:root:16:49:44 --> 当前错题集状态正常，无需更新~~
INFO:root:16:49:44 --> 脚本1：基准起始时间:2008-12-31 00:00:00,基准结束时间:2024-09-06 00:00:00
INFO:root:16:49:44 --> 
==========正在回测：风火轮2_动态动量  W_0  1==========
INFO:root:16:49:45 --> 脚本2：原始数据截止时间：2024-09-09 00:00:00
INFO:root:16:49:45 --> 2024-09-06 00:00:00对应的周期数是1.0，最大日期在日历里的索引是4781，找到真正的截止日期是2024-09-09 00:00:00
INFO:root:16:50:40 --> 当前错题集状态正常，无需更新~~
INFO:root:16:50:40 --> 脚本1：基准起始时间:2008-12-31 00:00:00,基准结束时间:2024-09-06 00:00:00
INFO:root:16:50:40 --> 
==========正在回测：风火轮2_动态动量  W_0  1==========
INFO:root:16:50:40 --> 脚本2：原始数据截止时间：2024-09-09 00:00:00
INFO:root:16:50:40 --> 2024-09-06 00:00:00对应的周期数是1.0，最大日期在日历里的索引是4781，找到真正的截止日期是2024-09-09 00:00:00
INFO:root:16:51:16 --> 当前错题集状态正常，无需更新~~
INFO:root:16:51:16 --> 脚本1：基准起始时间:2008-12-31 00:00:00,基准结束时间:2024-09-06 00:00:00
INFO:root:16:51:16 --> 
==========正在回测：风火轮2_动态动量  W_0  1==========
INFO:root:16:51:16 --> 脚本2：原始数据截止时间：2024-09-09 00:00:00
INFO:root:16:51:17 --> 2024-09-06 00:00:00对应的周期数是1.0，最大日期在日历里的索引是4781，找到真正的截止日期是2024-09-09 00:00:00
INFO:root:16:53:02 --> 当前错题集状态正常，无需更新~~
INFO:root:16:53:03 --> 脚本1：基准起始时间:2008-12-31 00:00:00,基准结束时间:2024-09-06 00:00:00
INFO:root:16:53:03 --> 
==========正在回测：风火轮2_动态动量  W_0  1==========
INFO:root:16:53:03 --> 脚本2：原始数据截止时间：2024-09-09 00:00:00
INFO:root:16:53:03 --> 2024-09-06 00:00:00对应的周期数是1.0，最大日期在日历里的索引是4781，找到真正的截止日期是2024-09-09 00:00:00
INFO:root:16:54:04 --> 当前错题集状态正常，无需更新~~
INFO:root:16:54:05 --> 脚本1：基准起始时间:2008-12-31 00:00:00,基准结束时间:2024-09-06 00:00:00
INFO:root:16:54:05 --> 
==========正在回测：风火轮2_动态动量  W_0  1==========
INFO:root:16:54:05 --> 脚本2：原始数据截止时间：2024-09-09 00:00:00
INFO:root:16:54:05 --> 2024-09-06 00:00:00对应的周期数是1.0，最大日期在日历里的索引是4781，找到真正的截止日期是2024-09-09 00:00:00
INFO:root:16:54:09 --> 当前错题集状态正常，无需更新~~
INFO:root:16:54:10 --> 脚本1：基准起始时间:2008-12-31 00:00:00,基准结束时间:2024-09-06 00:00:00
INFO:root:16:54:10 --> 
==========正在回测：风火轮2_动态动量  W_0  1==========
INFO:root:16:54:10 --> 脚本2：原始数据截止时间：2024-09-09 00:00:00
INFO:root:16:54:10 --> 2024-09-06 00:00:00对应的周期数是1.0，最大日期在日历里的索引是4781，找到真正的截止日期是2024-09-09 00:00:00
INFO:root:16:58:08 --> 当前错题集状态正常，无需更新~~
INFO:root:16:58:09 --> 脚本1：基准起始时间:2008-12-31 00:00:00,基准结束时间:2024-09-06 00:00:00
INFO:root:16:58:09 --> 
==========正在回测：风火轮2_动态动量  W_0  1==========
INFO:root:16:58:09 --> 脚本2：原始数据截止时间：2024-09-09 00:00:00
INFO:root:16:58:09 --> 2024-09-06 00:00:00对应的周期数是1.0，最大日期在日历里的索引是4781，找到真正的截止日期是2024-09-09 00:00:00
INFO:root:16:58:12 --> 平均开平仓比例：0.401
INFO:root:17:04:08 --> 当前错题集状态正常，无需更新~~
INFO:root:17:04:08 --> 脚本1：基准起始时间:2008-12-31 00:00:00,基准结束时间:2024-09-06 00:00:00
INFO:root:17:04:08 --> 
==========正在回测：风火轮2_动态动量  W_0  1==========
INFO:root:17:04:08 --> 脚本2：原始数据截止时间：2024-09-09 00:00:00
INFO:root:17:04:08 --> 2024-09-06 00:00:00对应的周期数是1.0，最大日期在日历里的索引是4781，找到真正的截止日期是2024-09-09 00:00:00
INFO:root:17:04:20 --> 平均开平仓比例：0.401
INFO:root:17:09:52 --> 当前错题集状态正常，无需更新~~
INFO:root:17:09:53 --> 脚本1：基准起始时间:2008-12-31 00:00:00,基准结束时间:2024-09-06 00:00:00
INFO:root:17:09:53 --> 
==========正在回测：风火轮2_动态动量  W_0  1==========
INFO:root:17:09:53 --> 脚本2：原始数据截止时间：2024-09-09 00:00:00
INFO:root:17:09:53 --> 2024-09-06 00:00:00对应的周期数是1.0，最大日期在日历里的索引是4781，找到真正的截止日期是2024-09-09 00:00:00
INFO:root:17:09:56 --> 平均开平仓比例：0.401
