INFO:root:10:53:17 --> 当前错题集状态正常，无需更新~~
INFO:root:10:53:17 --> 脚本2：策略文件：小市值，交易模式：False，save_result：True
INFO:root:10:53:17 --> 从指数获取最新交易日：2024-09-09，交易模式：False
INFO:root:10:53:17 --> 脚本2：回测模式，所有offset都将运行
INFO:root:10:53:17 --> 脚本2：========策略：小市值 ==per_oft：W_0==开仓状态：False======
INFO:root:10:53:22 --> 脚本2：原始数据截止时间：2024-08-23 00:00:00
INFO:root:10:53:29 --> 脚本2：选股后数据截止时间：2024-08-16 00:00:00
INFO:root:10:53:30 --> 2024-08-16 00:00:00对应的周期数是5.0，最大日期在日历里的索引是4766，找到真正的截止日期是2024-08-23 00:00:00
INFO:root:10:54:01 --> 当前错题集状态正常，无需更新~~
INFO:root:10:54:01 --> 脚本2：策略文件：小市值，交易模式：False，save_result：True
INFO:root:10:54:01 --> 从指数获取最新交易日：2024-09-09，交易模式：False
INFO:root:10:54:01 --> 脚本2：回测模式，所有offset都将运行
INFO:root:10:54:01 --> 脚本2：========策略：小市值 ==per_oft：W_0==开仓状态：False======
INFO:root:10:54:05 --> 脚本2：原始数据截止时间：2024-08-23 00:00:00
INFO:root:10:54:15 --> 脚本2：选股后数据截止时间：2024-08-16 00:00:00
INFO:root:10:54:15 --> 2024-08-16 00:00:00对应的周期数是5.0，最大日期在日历里的索引是4766，找到真正的截止日期是2024-08-23 00:00:00
INFO:root:11:05:16 --> 当前错题集状态正常，无需更新~~
INFO:root:11:05:16 --> 脚本2：策略文件：小市值，交易模式：False，save_result：True
INFO:root:11:05:16 --> 从指数获取最新交易日：2024-09-09，交易模式：False
INFO:root:11:05:16 --> 脚本2：回测模式，所有offset都将运行
INFO:root:11:05:16 --> 脚本2：========策略：小市值 ==per_oft：W_0==开仓状态：False======
INFO:root:11:05:20 --> 脚本2：原始数据截止时间：2024-08-23 00:00:00
INFO:root:11:05:29 --> 脚本2：选股后数据截止时间：2024-08-16 00:00:00
INFO:root:11:05:29 --> 2024-08-16 00:00:00对应的周期数是5.0，最大日期在日历里的索引是4766，找到真正的截止日期是2024-08-23 00:00:00
INFO:root:11:08:55 --> 当前错题集状态正常，无需更新~~
INFO:root:11:08:55 --> 脚本2：策略文件：小市值，交易模式：False，save_result：True
INFO:root:11:08:55 --> 从指数获取最新交易日：2024-09-09，交易模式：False
INFO:root:11:08:55 --> 脚本2：回测模式，所有offset都将运行
INFO:root:11:08:55 --> 脚本2：========策略：小市值 ==per_oft：W_0==开仓状态：False======
INFO:root:11:08:59 --> 脚本2：原始数据截止时间：2024-08-23 00:00:00
INFO:root:11:09:05 --> 脚本2：选股后数据截止时间：2024-08-16 00:00:00
INFO:root:11:09:05 --> 2024-08-16 00:00:00对应的周期数是5.0，最大日期在日历里的索引是4766，找到真正的截止日期是2024-08-23 00:00:00
INFO:root:11:12:43 --> 当前错题集状态正常，无需更新~~
INFO:root:11:12:44 --> 当前错题集状态正常，无需更新~~
INFO:root:11:12:44 --> 当前错题集状态正常，无需更新~~
INFO:root:11:12:44 --> 当前错题集状态正常，无需更新~~
INFO:root:11:12:44 --> 当前错题集状态正常，无需更新~~
INFO:root:11:12:45 --> 当前错题集状态正常，无需更新~~
INFO:root:11:12:45 --> 脚本2：策略文件：分红策略，交易模式：False，save_result：True
INFO:root:11:12:45 --> 脚本2：策略文件：小市值，交易模式：False，save_result：True
INFO:root:11:12:45 --> 脚本2：策略文件：低估值，交易模式：False，save_result：True
INFO:root:11:12:45 --> 从指数获取最新交易日：2024-09-09，交易模式：False
INFO:root:11:12:45 --> 脚本2：策略文件：AH价差策略，交易模式：False，save_result：True
INFO:root:11:12:45 --> 从指数获取最新交易日：2024-09-09，交易模式：False
INFO:root:11:12:45 --> 脚本2：策略文件：大市值，交易模式：False，save_result：True
INFO:root:11:12:45 --> 从指数获取最新交易日：2024-09-09，交易模式：False
INFO:root:11:12:45 --> 从指数获取最新交易日：2024-09-09，交易模式：False
INFO:root:11:12:45 --> 脚本2：回测模式，所有offset都将运行
INFO:root:11:12:45 --> 脚本2：========策略：分红策略 ==per_oft：W_0==开仓状态：False======
INFO:root:11:12:45 --> 脚本2：回测模式，所有offset都将运行
INFO:root:11:12:45 --> 脚本2：回测模式，所有offset都将运行
INFO:root:11:12:45 --> 脚本2：========策略：低估值 ==per_oft：W_0==开仓状态：False======
INFO:root:11:12:45 --> 脚本2：========策略：小市值 ==per_oft：W_0==开仓状态：False======
INFO:root:11:12:45 --> 脚本2：回测模式，所有offset都将运行
INFO:root:11:12:45 --> 脚本2：========策略：大市值 ==per_oft：W_0==开仓状态：False======
INFO:root:11:12:45 --> 脚本2：回测模式，所有offset都将运行
INFO:root:11:12:45 --> 脚本2：========策略：AH价差策略 ==per_oft：W_0==开仓状态：False======
INFO:root:11:12:49 --> 脚本2：原始数据截止时间：2024-08-23 00:00:00
INFO:root:11:12:53 --> 脚本2：原始数据截止时间：2024-08-23 00:00:00
INFO:root:11:12:53 --> 脚本2：原始数据截止时间：2024-08-23 00:00:00
INFO:root:11:12:55 --> 脚本2：原始数据截止时间：2024-08-23 00:00:00
INFO:root:11:13:03 --> 脚本2：原始数据截止时间：2024-08-23 00:00:00
INFO:root:11:13:04 --> 脚本2：选股后数据截止时间：2024-08-16 00:00:00
INFO:root:11:13:04 --> 脚本2：选股后数据截止时间：2024-08-16 00:00:00
INFO:root:11:13:04 --> 2024-08-16 00:00:00对应的周期数是5.0，最大日期在日历里的索引是4766，找到真正的截止日期是2024-08-23 00:00:00
INFO:root:11:13:04 --> 2024-08-16 00:00:00对应的周期数是5.0，最大日期在日历里的索引是4766，找到真正的截止日期是2024-08-23 00:00:00
INFO:root:11:13:05 --> 脚本2：选股后数据截止时间：2024-08-16 00:00:00
INFO:root:11:13:06 --> 2024-08-16 00:00:00对应的周期数是5.0，最大日期在日历里的索引是4766，找到真正的截止日期是2024-08-23 00:00:00
INFO:root:11:13:08 --> 当前错题集状态正常，无需更新~~
INFO:root:11:13:08 --> 脚本2：策略文件：小市值_lee，交易模式：False，save_result：True
INFO:root:11:13:08 --> 从指数获取最新交易日：2024-09-09，交易模式：False
INFO:root:11:13:08 --> 当前错题集状态正常，无需更新~~
INFO:root:11:13:08 --> 脚本2：回测模式，所有offset都将运行
INFO:root:11:13:08 --> 脚本2：========策略：小市值_lee ==per_oft：W_0==开仓状态：False======
INFO:root:11:13:08 --> 脚本2：策略文件：小市值_周黎明，交易模式：False，save_result：True
INFO:root:11:13:08 --> 从指数获取最新交易日：2024-09-09，交易模式：False
INFO:root:11:13:08 --> 脚本2：回测模式，所有offset都将运行
INFO:root:11:13:08 --> 脚本2：========策略：小市值_周黎明 ==per_oft：W_0==开仓状态：False======
INFO:root:11:13:09 --> 当前错题集状态正常，无需更新~~
INFO:root:11:13:09 --> 脚本2：策略文件：小市值_基本面优化，交易模式：False，save_result：True
INFO:root:11:13:09 --> 从指数获取最新交易日：2024-09-09，交易模式：False
INFO:root:11:13:09 --> 脚本2：回测模式，所有offset都将运行
INFO:root:11:13:09 --> 脚本2：========策略：小市值_基本面优化 ==per_oft：W_0==开仓状态：False======
INFO:root:11:13:11 --> 脚本2：选股后数据截止时间：2024-08-16 00:00:00
INFO:root:11:13:12 --> 2024-08-16 00:00:00对应的周期数是5.0，最大日期在日历里的索引是4766，找到真正的截止日期是2024-08-23 00:00:00
INFO:root:11:13:16 --> 当前错题集状态正常，无需更新~~
INFO:root:11:13:16 --> 脚本2：策略文件：小市值_行业高分红，交易模式：False，save_result：True
INFO:root:11:13:16 --> 从指数获取最新交易日：2024-09-09，交易模式：False
INFO:root:11:13:16 --> 脚本2：回测模式，所有offset都将运行
INFO:root:11:13:16 --> 脚本2：========策略：小市值_行业高分红 ==per_oft：W_0==开仓状态：False======
INFO:root:11:13:22 --> 脚本2：原始数据截止时间：2024-08-23 00:00:00
INFO:root:11:13:23 --> 脚本2：选股后数据截止时间：2024-08-16 00:00:00
INFO:root:11:13:24 --> 2024-08-16 00:00:00对应的周期数是5.0，最大日期在日历里的索引是4766，找到真正的截止日期是2024-08-23 00:00:00
INFO:root:11:13:24 --> 脚本2：原始数据截止时间：2024-08-23 00:00:00
INFO:root:11:13:25 --> 脚本2：原始数据截止时间：2024-08-23 00:00:00
INFO:root:11:13:27 --> 当前错题集状态正常，无需更新~~
INFO:root:11:13:27 --> 脚本2：策略文件：小市值_过滤优化，交易模式：False，save_result：True
INFO:root:11:13:27 --> 从指数获取最新交易日：2024-09-09，交易模式：False
INFO:root:11:13:27 --> 脚本2：回测模式，所有offset都将运行
INFO:root:11:13:27 --> 脚本2：========策略：小市值_过滤优化 ==per_oft：W_0==开仓状态：False======
INFO:root:11:13:33 --> 脚本2：原始数据截止时间：2024-08-23 00:00:00
INFO:root:11:13:34 --> 脚本2：选股后数据截止时间：2024-08-16 00:00:00
INFO:root:11:13:34 --> 2024-08-16 00:00:00对应的周期数是5.0，最大日期在日历里的索引是4766，找到真正的截止日期是2024-08-23 00:00:00
INFO:root:11:13:37 --> 脚本2：选股后数据截止时间：2024-08-16 00:00:00
INFO:root:11:13:37 --> 脚本2：选股后数据截止时间：2024-08-16 00:00:00
INFO:root:11:13:37 --> 2024-08-16 00:00:00对应的周期数是5.0，最大日期在日历里的索引是4766，找到真正的截止日期是2024-08-23 00:00:00
INFO:root:11:13:37 --> 2024-08-16 00:00:00对应的周期数是5.0，最大日期在日历里的索引是4766，找到真正的截止日期是2024-08-23 00:00:00
INFO:root:11:13:40 --> 脚本2：原始数据截止时间：2024-08-23 00:00:00
INFO:root:11:13:43 --> 脚本2：选股后数据截止时间：2024-08-16 00:00:00
INFO:root:11:13:43 --> 2024-08-16 00:00:00对应的周期数是5.0，最大日期在日历里的索引是4766，找到真正的截止日期是2024-08-23 00:00:00
INFO:root:11:13:47 --> 脚本2：选股后数据截止时间：2024-08-16 00:00:00
INFO:root:11:13:47 --> 2024-08-16 00:00:00对应的周期数是5.0，最大日期在日历里的索引是4766，找到真正的截止日期是2024-08-23 00:00:00
INFO:root:11:14:14 --> 当前错题集状态正常，无需更新~~
INFO:root:11:14:16 --> 当前错题集状态正常，无需更新~~
INFO:root:11:14:16 --> 脚本2：策略文件：低估值，交易模式：False，save_result：True
INFO:root:11:14:16 --> 当前错题集状态正常，无需更新~~
INFO:root:11:14:16 --> 当前错题集状态正常，无需更新~~
INFO:root:11:14:16 --> 从指数获取最新交易日：2024-09-09，交易模式：False
INFO:root:11:14:16 --> 当前错题集状态正常，无需更新~~
INFO:root:11:14:16 --> 当前错题集状态正常，无需更新~~
INFO:root:11:14:16 --> 脚本2：回测模式，所有offset都将运行
INFO:root:11:14:16 --> 脚本2：========策略：低估值 ==per_oft：W_0==开仓状态：False======
INFO:root:11:14:16 --> 脚本2：策略文件：分红策略，交易模式：False，save_result：True
INFO:root:11:14:16 --> 脚本2：策略文件：大市值，交易模式：False，save_result：True
INFO:root:11:14:16 --> 脚本2：策略文件：AH价差策略，交易模式：False，save_result：True
INFO:root:11:14:16 --> 从指数获取最新交易日：2024-09-09，交易模式：False
INFO:root:11:14:16 --> 脚本2：策略文件：小市值，交易模式：False，save_result：True
INFO:root:11:14:16 --> 从指数获取最新交易日：2024-09-09，交易模式：False
INFO:root:11:14:16 --> 从指数获取最新交易日：2024-09-09，交易模式：False
INFO:root:11:14:16 --> 从指数获取最新交易日：2024-09-09，交易模式：False
INFO:root:11:14:16 --> 脚本2：回测模式，所有offset都将运行
INFO:root:11:14:16 --> 脚本2：回测模式，所有offset都将运行
INFO:root:11:14:16 --> 脚本2：========策略：大市值 ==per_oft：W_0==开仓状态：False======
INFO:root:11:14:16 --> 脚本2：========策略：分红策略 ==per_oft：W_0==开仓状态：False======
INFO:root:11:14:16 --> 脚本2：回测模式，所有offset都将运行
INFO:root:11:14:16 --> 脚本2：========策略：AH价差策略 ==per_oft：W_0==开仓状态：False======
INFO:root:11:14:16 --> 脚本2：回测模式，所有offset都将运行
INFO:root:11:14:16 --> 脚本2：========策略：小市值 ==per_oft：W_0==开仓状态：False======
INFO:root:11:14:21 --> 脚本2：原始数据截止时间：2024-08-23 00:00:00
INFO:root:11:14:23 --> 脚本2：原始数据截止时间：2024-08-23 00:00:00
INFO:root:11:14:23 --> 脚本2：原始数据截止时间：2024-08-23 00:00:00
INFO:root:11:14:25 --> 脚本2：原始数据截止时间：2024-08-23 00:00:00
INFO:root:11:14:31 --> 脚本2：原始数据截止时间：2024-08-23 00:00:00
INFO:root:11:14:31 --> 脚本2：选股后数据截止时间：2024-08-16 00:00:00
INFO:root:11:14:32 --> 脚本2：选股后数据截止时间：2024-08-16 00:00:00
INFO:root:11:14:32 --> 2024-08-16 00:00:00对应的周期数是5.0，最大日期在日历里的索引是4766，找到真正的截止日期是2024-08-23 00:00:00
INFO:root:11:14:32 --> 2024-08-16 00:00:00对应的周期数是5.0，最大日期在日历里的索引是4766，找到真正的截止日期是2024-08-23 00:00:00
INFO:root:11:14:33 --> 脚本2：选股后数据截止时间：2024-08-16 00:00:00
INFO:root:11:14:34 --> 2024-08-16 00:00:00对应的周期数是5.0，最大日期在日历里的索引是4766，找到真正的截止日期是2024-08-23 00:00:00
INFO:root:11:14:35 --> 当前错题集状态正常，无需更新~~
INFO:root:11:14:35 --> 脚本2：策略文件：小市值_lee，交易模式：False，save_result：True
INFO:root:11:14:35 --> 从指数获取最新交易日：2024-09-09，交易模式：False
INFO:root:11:14:35 --> 脚本2：回测模式，所有offset都将运行
INFO:root:11:14:35 --> 脚本2：========策略：小市值_lee ==per_oft：W_0==开仓状态：False======
INFO:root:11:14:36 --> 当前错题集状态正常，无需更新~~
INFO:root:11:14:36 --> 脚本2：策略文件：小市值_周黎明，交易模式：False，save_result：True
INFO:root:11:14:36 --> 从指数获取最新交易日：2024-09-09，交易模式：False
INFO:root:11:14:36 --> 脚本2：回测模式，所有offset都将运行
INFO:root:11:14:36 --> 脚本2：========策略：小市值_周黎明 ==per_oft：W_0==开仓状态：False======
INFO:root:11:14:37 --> 当前错题集状态正常，无需更新~~
INFO:root:11:14:37 --> 脚本2：策略文件：小市值_基本面优化，交易模式：False，save_result：True
INFO:root:11:14:37 --> 从指数获取最新交易日：2024-09-09，交易模式：False
INFO:root:11:14:37 --> 脚本2：回测模式，所有offset都将运行
INFO:root:11:14:37 --> 脚本2：========策略：小市值_基本面优化 ==per_oft：W_0==开仓状态：False======
INFO:root:11:14:38 --> 脚本2：选股后数据截止时间：2024-08-16 00:00:00
INFO:root:11:14:39 --> 2024-08-16 00:00:00对应的周期数是5.0，最大日期在日历里的索引是4766，找到真正的截止日期是2024-08-23 00:00:00
INFO:root:11:14:42 --> 当前错题集状态正常，无需更新~~
INFO:root:11:14:42 --> 脚本2：策略文件：小市值_行业高分红，交易模式：False，save_result：True
INFO:root:11:14:42 --> 从指数获取最新交易日：2024-09-09，交易模式：False
INFO:root:11:14:42 --> 脚本2：回测模式，所有offset都将运行
INFO:root:11:14:42 --> 脚本2：========策略：小市值_行业高分红 ==per_oft：W_0==开仓状态：False======
INFO:root:11:14:47 --> 脚本2：原始数据截止时间：2024-08-23 00:00:00
INFO:root:11:14:47 --> 脚本2：选股后数据截止时间：2024-08-16 00:00:00
INFO:root:11:14:47 --> 2024-08-16 00:00:00对应的周期数是5.0，最大日期在日历里的索引是4766，找到真正的截止日期是2024-08-23 00:00:00
INFO:root:11:14:48 --> 脚本2：原始数据截止时间：2024-08-23 00:00:00
INFO:root:11:14:48 --> 脚本2：原始数据截止时间：2024-08-23 00:00:00
INFO:root:11:14:50 --> 当前错题集状态正常，无需更新~~
INFO:root:11:14:50 --> 脚本2：策略文件：小市值_过滤优化，交易模式：False，save_result：True
INFO:root:11:14:50 --> 从指数获取最新交易日：2024-09-09，交易模式：False
INFO:root:11:14:50 --> 脚本2：回测模式，所有offset都将运行
INFO:root:11:14:50 --> 脚本2：========策略：小市值_过滤优化 ==per_oft：W_0==开仓状态：False======
INFO:root:11:14:57 --> 脚本2：原始数据截止时间：2024-08-23 00:00:00
INFO:root:11:14:58 --> 脚本2：选股后数据截止时间：2024-08-16 00:00:00
INFO:root:11:14:58 --> 2024-08-16 00:00:00对应的周期数是5.0，最大日期在日历里的索引是4766，找到真正的截止日期是2024-08-23 00:00:00
INFO:root:11:14:59 --> 脚本2：选股后数据截止时间：2024-08-16 00:00:00
INFO:root:11:14:59 --> 2024-08-16 00:00:00对应的周期数是5.0，最大日期在日历里的索引是4766，找到真正的截止日期是2024-08-23 00:00:00
INFO:root:11:15:00 --> 脚本2：选股后数据截止时间：2024-08-16 00:00:00
INFO:root:11:15:00 --> 2024-08-16 00:00:00对应的周期数是5.0，最大日期在日历里的索引是4766，找到真正的截止日期是2024-08-23 00:00:00
INFO:root:11:15:01 --> 当前错题集状态正常，无需更新~~
INFO:root:11:15:01 --> 脚本2：策略文件：小市值_量价优化，交易模式：False，save_result：True
INFO:root:11:15:01 --> 从指数获取最新交易日：2024-09-09，交易模式：False
INFO:root:11:15:01 --> 脚本2：回测模式，所有offset都将运行
INFO:root:11:15:01 --> 脚本2：========策略：小市值_量价优化 ==per_oft：W_0==开仓状态：False======
INFO:root:11:15:02 --> 脚本2：原始数据截止时间：2024-08-23 00:00:00
INFO:root:11:15:02 --> 当前错题集状态正常，无需更新~~
INFO:root:11:15:02 --> 脚本2：策略文件：新股小市值，交易模式：False，save_result：True
INFO:root:11:15:02 --> 从指数获取最新交易日：2024-09-09，交易模式：False
INFO:root:11:15:02 --> 脚本2：回测模式，所有offset都将运行
INFO:root:11:15:02 --> 脚本2：========策略：新股小市值 ==per_oft：W_0==开仓状态：False======
INFO:root:11:15:03 --> 当前错题集状态正常，无需更新~~
INFO:root:11:15:03 --> 脚本2：策略文件：笛卡尔2，交易模式：False，save_result：True
INFO:root:11:15:04 --> 从指数获取最新交易日：2024-09-09，交易模式：False
INFO:root:11:15:04 --> 脚本2：回测模式，所有offset都将运行
INFO:root:11:15:04 --> 脚本2：========策略：笛卡尔2 ==per_oft：W_0==开仓状态：False======
INFO:root:11:15:07 --> 脚本2：选股后数据截止时间：2024-08-16 00:00:00
INFO:root:11:15:07 --> 2024-08-16 00:00:00对应的周期数是5.0，最大日期在日历里的索引是4766，找到真正的截止日期是2024-08-23 00:00:00
INFO:root:11:15:09 --> 脚本2：原始数据截止时间：2024-08-23 00:00:00
INFO:root:11:15:10 --> 脚本2：原始数据截止时间：2024-08-23 00:00:00
INFO:root:11:15:10 --> 当前错题集状态正常，无需更新~~
INFO:root:11:15:10 --> 脚本2：策略文件：策略_26237，交易模式：False，save_result：True
INFO:root:11:15:10 --> 从指数获取最新交易日：2024-09-09，交易模式：False
INFO:root:11:15:10 --> 脚本2：回测模式，所有offset都将运行
INFO:root:11:15:10 --> 脚本2：========策略：策略_26237 ==per_oft：W_0==开仓状态：False======
INFO:root:11:15:12 --> 脚本2：选股后数据截止时间：2024-08-16 00:00:00
INFO:root:11:15:12 --> 2024-08-16 00:00:00对应的周期数是5.0，最大日期在日历里的索引是4766，找到真正的截止日期是2024-08-23 00:00:00
INFO:root:11:15:12 --> 脚本2：原始数据截止时间：2024-08-23 00:00:00
INFO:root:11:15:15 --> 当前错题集状态正常，无需更新~~
INFO:root:11:15:15 --> 脚本2：策略文件：策略_26489，交易模式：False，save_result：True
INFO:root:11:15:15 --> 从指数获取最新交易日：2024-09-09，交易模式：False
INFO:root:11:15:15 --> 脚本2：回测模式，所有offset都将运行
INFO:root:11:15:15 --> 脚本2：========策略：策略_26489 ==per_oft：W_0==开仓状态：False======
INFO:root:11:15:18 --> 脚本2：选股后数据截止时间：2024-08-16 00:00:00
INFO:root:11:15:18 --> 2024-08-16 00:00:00对应的周期数是5.0，最大日期在日历里的索引是4766，找到真正的截止日期是2024-08-23 00:00:00
INFO:root:11:15:19 --> 脚本2：选股后数据截止时间：2024-08-16 00:00:00
INFO:root:11:15:19 --> 2024-08-16 00:00:00对应的周期数是5.0，最大日期在日历里的索引是4766，找到真正的截止日期是2024-08-23 00:00:00
INFO:root:11:15:21 --> 当前错题集状态正常，无需更新~~
INFO:root:11:15:21 --> 脚本2：策略文件：策略_小栗子，交易模式：False，save_result：True
INFO:root:11:15:21 --> 从指数获取最新交易日：2024-09-09，交易模式：False
INFO:root:11:15:21 --> 脚本2：回测模式，所有offset都将运行
INFO:root:11:15:21 --> 脚本2：========策略：策略_小栗子 ==per_oft：W_0==开仓状态：False======
INFO:root:11:15:22 --> 当前错题集状态正常，无需更新~~
INFO:root:11:15:22 --> 脚本2：策略文件：诺亚方舟，交易模式：False，save_result：True
INFO:root:11:15:22 --> 从指数获取最新交易日：2024-09-09，交易模式：False
INFO:root:11:15:22 --> 脚本2：回测模式，所有offset都将运行
INFO:root:11:15:22 --> 脚本2：========策略：诺亚方舟 ==per_oft：W_0==开仓状态：False======
INFO:root:11:15:24 --> 脚本2：原始数据截止时间：2024-08-23 00:00:00
INFO:root:11:15:25 --> 脚本2：选股后数据截止时间：2024-08-16 00:00:00
INFO:root:11:15:25 --> 2024-08-16 00:00:00对应的周期数是5.0，最大日期在日历里的索引是4766，找到真正的截止日期是2024-08-23 00:00:00
INFO:root:11:15:28 --> 脚本2：原始数据截止时间：2024-08-23 00:00:00
INFO:root:11:15:28 --> 当前错题集状态正常，无需更新~~
INFO:root:11:15:28 --> 脚本2：策略文件：诺亚方舟2，交易模式：False，save_result：True
INFO:root:11:15:28 --> 从指数获取最新交易日：2024-09-09，交易模式：False
INFO:root:11:15:28 --> 脚本2：回测模式，所有offset都将运行
INFO:root:11:15:28 --> 脚本2：========策略：诺亚方舟2 ==per_oft：W_0==开仓状态：False======
INFO:root:11:15:31 --> 脚本2：原始数据截止时间：2024-08-23 00:00:00
INFO:root:11:15:38 --> 脚本2：选股后数据截止时间：2024-08-16 00:00:00
INFO:root:11:15:38 --> 脚本2：原始数据截止时间：2024-08-23 00:00:00
INFO:root:11:15:38 --> 2024-08-16 00:00:00对应的周期数是5.0，最大日期在日历里的索引是4766，找到真正的截止日期是2024-08-23 00:00:00
INFO:root:11:15:39 --> 脚本2：选股后数据截止时间：2024-08-16 00:00:00
INFO:root:11:15:39 --> 2024-08-16 00:00:00对应的周期数是5.0，最大日期在日历里的索引是4766，找到真正的截止日期是2024-08-23 00:00:00
INFO:root:11:15:41 --> 脚本2：选股后数据截止时间：2024-08-16 00:00:00
INFO:root:11:15:41 --> 2024-08-16 00:00:00对应的周期数是5.0，最大日期在日历里的索引是4766，找到真正的截止日期是2024-08-23 00:00:00
INFO:root:11:15:43 --> 脚本2：原始数据截止时间：2024-08-23 00:00:00
INFO:root:11:15:48 --> 脚本2：选股后数据截止时间：2024-08-16 00:00:00
INFO:root:11:15:48 --> 2024-08-16 00:00:00对应的周期数是5.0，最大日期在日历里的索引是4766，找到真正的截止日期是2024-08-23 00:00:00
INFO:root:11:15:49 --> 脚本2：选股后数据截止时间：2024-08-16 00:00:00
INFO:root:11:15:49 --> 2024-08-16 00:00:00对应的周期数是5.0，最大日期在日历里的索引是4766，找到真正的截止日期是2024-08-23 00:00:00
INFO:root:14:36:25 --> 当前错题集状态正常，无需更新~~
INFO:root:14:36:25 --> 脚本2：策略文件：小市值，交易模式：False，save_result：True
INFO:root:14:36:25 --> 从指数获取最新交易日：2024-09-09，交易模式：False
INFO:root:14:36:25 --> 脚本2：回测模式，所有offset都将运行
INFO:root:14:36:25 --> 脚本2：========策略：小市值 ==per_oft：W_0==开仓状态：False======
INFO:root:14:36:29 --> 脚本2：原始数据截止时间：2024-08-23 00:00:00
INFO:root:14:36:38 --> 脚本2：选股后数据截止时间：2024-08-16 00:00:00
INFO:root:14:36:38 --> 2024-08-16 00:00:00对应的周期数是5.0，最大日期在日历里的索引是4766，找到真正的截止日期是2024-08-23 00:00:00
INFO:root:15:40:26 --> 当前错题集状态正常，无需更新~~
INFO:root:15:40:28 --> 当前错题集状态正常，无需更新~~
INFO:root:15:40:28 --> 脚本2：策略文件：AH价差策略，交易模式：False，save_result：True
INFO:root:15:40:28 --> 从指数获取最新交易日：2024-09-09，交易模式：False
INFO:root:15:40:28 --> 当前错题集状态正常，无需更新~~
INFO:root:15:40:28 --> 脚本2：回测模式，所有offset都将运行
INFO:root:15:40:28 --> 脚本2：========策略：AH价差策略 ==per_oft：W_0==开仓状态：False======
INFO:root:15:40:28 --> 当前错题集状态正常，无需更新~~
INFO:root:15:40:28 --> 当前错题集状态正常，无需更新~~
INFO:root:15:40:28 --> 脚本2：策略文件：小市值，交易模式：False，save_result：True
INFO:root:15:40:28 --> 当前错题集状态正常，无需更新~~
INFO:root:15:40:28 --> 从指数获取最新交易日：2024-09-09，交易模式：False
INFO:root:15:40:28 --> 脚本2：策略文件：低估值，交易模式：False，save_result：True
INFO:root:15:40:28 --> 脚本2：策略文件：分红策略，交易模式：False，save_result：True
INFO:root:15:40:28 --> 脚本2：回测模式，所有offset都将运行
INFO:root:15:40:28 --> 脚本2：策略文件：大市值，交易模式：False，save_result：True
INFO:root:15:40:28 --> 脚本2：========策略：小市值 ==per_oft：W_0==开仓状态：False======
INFO:root:15:40:28 --> 从指数获取最新交易日：2024-09-09，交易模式：False
INFO:root:15:40:28 --> 从指数获取最新交易日：2024-09-09，交易模式：False
INFO:root:15:40:28 --> 从指数获取最新交易日：2024-09-09，交易模式：False
INFO:root:15:40:28 --> 脚本2：回测模式，所有offset都将运行
INFO:root:15:40:28 --> 脚本2：========策略：低估值 ==per_oft：W_0==开仓状态：False======
INFO:root:15:40:28 --> 脚本2：回测模式，所有offset都将运行
INFO:root:15:40:28 --> 脚本2：========策略：大市值 ==per_oft：W_0==开仓状态：False======
INFO:root:15:40:28 --> 脚本2：回测模式，所有offset都将运行
INFO:root:15:40:28 --> 脚本2：========策略：分红策略 ==per_oft：W_0==开仓状态：False======
INFO:root:15:40:32 --> 脚本2：原始数据截止时间：2024-08-23 00:00:00
INFO:root:15:40:35 --> 脚本2：原始数据截止时间：2024-08-23 00:00:00
INFO:root:15:40:36 --> 脚本2：原始数据截止时间：2024-08-23 00:00:00
INFO:root:15:40:38 --> 脚本2：原始数据截止时间：2024-08-23 00:00:00
INFO:root:15:40:45 --> 脚本2：选股后数据截止时间：2024-08-16 00:00:00
INFO:root:15:40:45 --> 脚本2：原始数据截止时间：2024-08-23 00:00:00
INFO:root:15:40:45 --> 脚本2：选股后数据截止时间：2024-08-16 00:00:00
INFO:root:15:40:45 --> 2024-08-16 00:00:00对应的周期数是5.0，最大日期在日历里的索引是4766，找到真正的截止日期是2024-08-23 00:00:00
INFO:root:15:40:45 --> 2024-08-16 00:00:00对应的周期数是5.0，最大日期在日历里的索引是4766，找到真正的截止日期是2024-08-23 00:00:00
INFO:root:15:40:46 --> 平均开平仓比例：0.062
INFO:root:15:40:46 --> 平均开平仓比例：0.034
INFO:root:15:40:46 --> 脚本2：选股后数据截止时间：2024-08-16 00:00:00
INFO:root:15:40:47 --> 2024-08-16 00:00:00对应的周期数是5.0，最大日期在日历里的索引是4766，找到真正的截止日期是2024-08-23 00:00:00
INFO:root:15:40:49 --> 当前错题集状态正常，无需更新~~
INFO:root:15:40:49 --> 脚本2：策略文件：小市值_lee，交易模式：False，save_result：True
INFO:root:15:40:49 --> 脚本2：策略文件：小市值_周黎明，交易模式：False，save_result：True
INFO:root:15:40:49 --> 从指数获取最新交易日：2024-09-09，交易模式：False
INFO:root:15:40:49 --> 从指数获取最新交易日：2024-09-09，交易模式：False
INFO:root:15:40:49 --> 脚本2：回测模式，所有offset都将运行
INFO:root:15:40:49 --> 脚本2：回测模式，所有offset都将运行
INFO:root:15:40:49 --> 脚本2：========策略：小市值_周黎明 ==per_oft：W_0==开仓状态：False======
INFO:root:15:40:49 --> 脚本2：========策略：小市值_lee ==per_oft：W_0==开仓状态：False======
INFO:root:15:40:51 --> 脚本2：选股后数据截止时间：2024-08-16 00:00:00
INFO:root:15:40:51 --> 2024-08-16 00:00:00对应的周期数是5.0，最大日期在日历里的索引是4766，找到真正的截止日期是2024-08-23 00:00:00
INFO:root:15:40:53 --> 平均开平仓比例：0.08
INFO:root:15:40:53 --> 平均开平仓比例：0.513
INFO:root:15:40:56 --> 当前错题集状态正常，无需更新~~
INFO:root:15:40:56 --> 脚本2：策略文件：小市值_基本面优化，交易模式：False，save_result：True
INFO:root:15:40:56 --> 从指数获取最新交易日：2024-09-09，交易模式：False
INFO:root:15:40:57 --> 脚本2：回测模式，所有offset都将运行
INFO:root:15:40:57 --> 脚本2：========策略：小市值_基本面优化 ==per_oft：W_0==开仓状态：False======
INFO:root:15:40:57 --> 当前错题集状态正常，无需更新~~
INFO:root:15:40:57 --> 脚本2：策略文件：小市值_行业高分红，交易模式：False，save_result：True
INFO:root:15:40:57 --> 从指数获取最新交易日：2024-09-09，交易模式：False
INFO:root:15:40:57 --> 脚本2：回测模式，所有offset都将运行
INFO:root:15:40:57 --> 脚本2：========策略：小市值_行业高分红 ==per_oft：W_0==开仓状态：False======
INFO:root:15:41:00 --> 脚本2：选股后数据截止时间：2024-08-16 00:00:00
INFO:root:15:41:00 --> 2024-08-16 00:00:00对应的周期数是5.0，最大日期在日历里的索引是4766，找到真正的截止日期是2024-08-23 00:00:00
INFO:root:15:41:00 --> 脚本2：原始数据截止时间：2024-08-23 00:00:00
INFO:root:15:41:02 --> 脚本2：原始数据截止时间：2024-08-23 00:00:00
INFO:root:15:41:03 --> 平均开平仓比例：0.091
INFO:root:15:41:06 --> 当前错题集状态正常，无需更新~~
INFO:root:15:41:06 --> 脚本2：策略文件：小市值_过滤优化，交易模式：False，save_result：True
INFO:root:15:41:06 --> 从指数获取最新交易日：2024-09-09，交易模式：False
INFO:root:15:41:06 --> 脚本2：回测模式，所有offset都将运行
INFO:root:15:41:06 --> 脚本2：========策略：小市值_过滤优化 ==per_oft：W_0==开仓状态：False======
INFO:root:15:41:07 --> 脚本2：原始数据截止时间：2024-08-23 00:00:00
INFO:root:15:41:11 --> 脚本2：选股后数据截止时间：2024-08-16 00:00:00
INFO:root:15:41:11 --> 2024-08-16 00:00:00对应的周期数是5.0，最大日期在日历里的索引是4766，找到真正的截止日期是2024-08-23 00:00:00
INFO:root:15:41:11 --> 脚本2：原始数据截止时间：2024-08-23 00:00:00
INFO:root:15:41:12 --> 脚本2：选股后数据截止时间：2024-08-16 00:00:00
INFO:root:15:41:12 --> 2024-08-16 00:00:00对应的周期数是5.0，最大日期在日历里的索引是4766，找到真正的截止日期是2024-08-23 00:00:00
INFO:root:15:41:16 --> 脚本2：原始数据截止时间：2024-08-23 00:00:00
INFO:root:15:41:18 --> 脚本2：选股后数据截止时间：2024-08-16 00:00:00
INFO:root:15:41:18 --> 2024-08-16 00:00:00对应的周期数是5.0，最大日期在日历里的索引是4766，找到真正的截止日期是2024-08-23 00:00:00
INFO:root:15:41:20 --> 脚本2：选股后数据截止时间：2024-08-16 00:00:00
INFO:root:15:41:20 --> 2024-08-16 00:00:00对应的周期数是5.0，最大日期在日历里的索引是4766，找到真正的截止日期是2024-08-23 00:00:00
INFO:root:15:41:22 --> 平均开平仓比例：0.523
INFO:root:15:41:24 --> 当前错题集状态正常，无需更新~~
INFO:root:15:41:24 --> 脚本2：策略文件：小市值_量价优化，交易模式：False，save_result：True
INFO:root:15:41:24 --> 从指数获取最新交易日：2024-09-09，交易模式：False
INFO:root:15:41:24 --> 脚本2：回测模式，所有offset都将运行
INFO:root:15:41:24 --> 脚本2：========策略：小市值_量价优化 ==per_oft：W_0==开仓状态：False======
INFO:root:15:41:24 --> 平均开平仓比例：0.833
INFO:root:15:41:25 --> 脚本2：选股后数据截止时间：2024-08-16 00:00:00
INFO:root:15:41:25 --> 2024-08-16 00:00:00对应的周期数是5.0，最大日期在日历里的索引是4766，找到真正的截止日期是2024-08-23 00:00:00
INFO:root:15:41:27 --> 平均开平仓比例：0.353
INFO:root:15:41:27 --> 当前错题集状态正常，无需更新~~
INFO:root:15:41:27 --> 脚本2：策略文件：新股小市值，交易模式：False，save_result：True
INFO:root:15:41:27 --> 从指数获取最新交易日：2024-09-09，交易模式：False
INFO:root:15:41:27 --> 脚本2：回测模式，所有offset都将运行
INFO:root:15:41:27 --> 脚本2：========策略：新股小市值 ==per_oft：W_0==开仓状态：False======
INFO:root:15:41:28 --> 平均开平仓比例：0.462
INFO:root:15:41:29 --> 当前错题集状态正常，无需更新~~
INFO:root:15:41:29 --> 脚本2：策略文件：笛卡尔2，交易模式：False，save_result：True
INFO:root:15:41:29 --> 从指数获取最新交易日：2024-09-09，交易模式：False
INFO:root:15:41:29 --> 脚本2：回测模式，所有offset都将运行
INFO:root:15:41:29 --> 脚本2：========策略：笛卡尔2 ==per_oft：W_0==开仓状态：False======
INFO:root:15:41:31 --> 当前错题集状态正常，无需更新~~
INFO:root:15:41:31 --> 脚本2：策略文件：策略_26237，交易模式：False，save_result：True
INFO:root:15:41:31 --> 从指数获取最新交易日：2024-09-09，交易模式：False
INFO:root:15:41:31 --> 脚本2：回测模式，所有offset都将运行
INFO:root:15:41:31 --> 脚本2：========策略：策略_26237 ==per_oft：W_0==开仓状态：False======
INFO:root:15:41:33 --> 脚本2：原始数据截止时间：2024-08-23 00:00:00
INFO:root:15:41:34 --> 脚本2：原始数据截止时间：2024-08-23 00:00:00
INFO:root:15:41:36 --> 脚本2：原始数据截止时间：2024-08-23 00:00:00
INFO:root:15:41:36 --> 平均开平仓比例：0.484
INFO:root:15:41:38 --> 当前错题集状态正常，无需更新~~
INFO:root:15:41:38 --> 脚本2：策略文件：策略_26489，交易模式：False，save_result：True
INFO:root:15:41:38 --> 从指数获取最新交易日：2024-09-09，交易模式：False
INFO:root:15:41:38 --> 脚本2：回测模式，所有offset都将运行
INFO:root:15:41:38 --> 脚本2：========策略：策略_26489 ==per_oft：W_0==开仓状态：False======
INFO:root:15:41:42 --> 脚本2：选股后数据截止时间：2024-08-16 00:00:00
INFO:root:15:41:42 --> 2024-08-16 00:00:00对应的周期数是5.0，最大日期在日历里的索引是4766，找到真正的截止日期是2024-08-23 00:00:00
INFO:root:15:41:43 --> 脚本2：选股后数据截止时间：2024-08-16 00:00:00
INFO:root:15:41:43 --> 2024-08-16 00:00:00对应的周期数是5.0，最大日期在日历里的索引是4766，找到真正的截止日期是2024-08-23 00:00:00
INFO:root:15:41:44 --> 平均开平仓比例：0.351
INFO:root:15:41:46 --> 脚本2：选股后数据截止时间：2024-08-16 00:00:00
INFO:root:15:41:46 --> 当前错题集状态正常，无需更新~~
INFO:root:15:41:46 --> 脚本2：策略文件：策略_小栗子，交易模式：False，save_result：True
INFO:root:15:41:46 --> 从指数获取最新交易日：2024-09-09，交易模式：False
INFO:root:15:41:46 --> 脚本2：回测模式，所有offset都将运行
INFO:root:15:41:46 --> 脚本2：========策略：策略_小栗子 ==per_oft：W_0==开仓状态：False======
INFO:root:15:41:46 --> 2024-08-16 00:00:00对应的周期数是5.0，最大日期在日历里的索引是4766，找到真正的截止日期是2024-08-23 00:00:00
INFO:root:15:41:47 --> 脚本2：原始数据截止时间：2024-08-23 00:00:00
INFO:root:15:41:48 --> 脚本2：原始数据截止时间：2024-08-23 00:00:00
INFO:root:15:41:48 --> 平均开平仓比例：0.456
INFO:root:15:41:51 --> 当前错题集状态正常，无需更新~~
INFO:root:15:41:51 --> 脚本2：策略文件：诺亚方舟，交易模式：False，save_result：True
INFO:root:15:41:51 --> 从指数获取最新交易日：2024-09-09，交易模式：False
INFO:root:15:41:51 --> 脚本2：回测模式，所有offset都将运行
INFO:root:15:41:51 --> 脚本2：========策略：诺亚方舟 ==per_oft：W_0==开仓状态：False======
INFO:root:15:41:58 --> 脚本2：选股后数据截止时间：2024-08-16 00:00:00
INFO:root:15:41:58 --> 2024-08-16 00:00:00对应的周期数是5.0，最大日期在日历里的索引是4766，找到真正的截止日期是2024-08-23 00:00:00
INFO:root:15:41:59 --> 脚本2：原始数据截止时间：2024-08-23 00:00:00
INFO:root:15:42:00 --> 脚本2：选股后数据截止时间：2024-08-16 00:00:00
INFO:root:15:42:00 --> 2024-08-16 00:00:00对应的周期数是5.0，最大日期在日历里的索引是4766，找到真正的截止日期是2024-08-23 00:00:00
INFO:root:15:42:01 --> 平均开平仓比例：0.788
INFO:root:15:42:04 --> 当前错题集状态正常，无需更新~~
INFO:root:15:42:04 --> 脚本2：策略文件：诺亚方舟2，交易模式：False，save_result：True
INFO:root:15:42:04 --> 从指数获取最新交易日：2024-09-09，交易模式：False
INFO:root:15:42:04 --> 脚本2：回测模式，所有offset都将运行
INFO:root:15:42:04 --> 脚本2：========策略：诺亚方舟2 ==per_oft：W_0==开仓状态：False======
INFO:root:15:42:06 --> 脚本2：原始数据截止时间：2024-08-23 00:00:00
INFO:root:15:42:08 --> 平均开平仓比例：0.611
INFO:root:15:42:09 --> 脚本2：选股后数据截止时间：2024-08-16 00:00:00
INFO:root:15:42:09 --> 2024-08-16 00:00:00对应的周期数是5.0，最大日期在日历里的索引是4766，找到真正的截止日期是2024-08-23 00:00:00
INFO:root:15:42:10 --> 平均开平仓比例：0.1
INFO:root:15:42:12 --> 脚本2：原始数据截止时间：2024-08-23 00:00:00
INFO:root:15:42:14 --> 脚本2：选股后数据截止时间：2024-08-16 00:00:00
INFO:root:15:42:14 --> 2024-08-16 00:00:00对应的周期数是5.0，最大日期在日历里的索引是4766，找到真正的截止日期是2024-08-23 00:00:00
INFO:root:15:42:14 --> 平均开平仓比例：0.833
INFO:root:15:42:21 --> 脚本2：选股后数据截止时间：2024-08-16 00:00:00
INFO:root:15:42:21 --> 2024-08-16 00:00:00对应的周期数是5.0，最大日期在日历里的索引是4766，找到真正的截止日期是2024-08-23 00:00:00
INFO:root:15:42:21 --> 平均开平仓比例：0.778
INFO:root:15:42:21 --> 平均开平仓比例：0.327
INFO:root:17:51:00 --> 当前错题集状态正常，无需更新~~
INFO:root:17:51:00 --> 因子校验文件不存在，如有因子数据建议全部删除，重新生成
如果确认无误，可以无视提示，继续执行数据整理任务。
INFO:root:17:51:00 --> 脚本1：股票数量：5383
INFO:root:17:51:00 --> 从指数获取最新交易日：2024-09-09，交易模式：False
INFO:root:17:51:02 --> 因子信息：{'A股溢价率': {'per_oft': ['W_0'], 'cls': <module 'program.因子.A股溢价率' from 'D:\\Code\\直播代码\\选股框架_2024.1.8.3\\program\\因子\\A股溢价率.py'>}, 'BP': {'per_oft': ['W_0'], 'cls': <module 'program.因子.BP' from 'D:\\Code\\直播代码\\选股框架_2024.1.8.3\\program\\因子\\BP.py'>}, 'EP': {'per_oft': ['W_0'], 'cls': <module 'program.因子.EP' from 'D:\\Code\\直播代码\\选股框架_2024.1.8.3\\program\\因子\\EP.py'>}, '红利因子': {'per_oft': ['W_0'], 'cls': <module 'program.因子.红利因子' from 'D:\\Code\\直播代码\\选股框架_2024.1.8.3\\program\\因子\\红利因子.py'>}, '归母净利润同比增速': {'per_oft': ['W_0'], 'cls': <module 'program.因子.归母净利润同比增速' from 'D:\\Code\\直播代码\\选股框架_2024.1.8.3\\program\\因子\\归母净利润同比增速.py'>}, '风格因子': {'per_oft': ['W_0'], 'cls': <module 'program.因子.风格因子' from 'D:\\Code\\直播代码\\选股框架_2024.1.8.3\\program\\因子\\风格因子.py'>}, '波动率': {'per_oft': ['W_0'], 'cls': <module 'program.因子.波动率' from 'D:\\Code\\直播代码\\选股框架_2024.1.8.3\\program\\因子\\波动率.py'>}, '成交额相关因子': {'per_oft': ['W_0'], 'cls': <module 'program.因子.成交额相关因子' from 'D:\\Code\\直播代码\\选股框架_2024.1.8.3\\program\\因子\\成交额相关因子.py'>}, 'ROE': {'per_oft': ['W_0'], 'cls': <module 'program.因子.ROE' from 'D:\\Code\\直播代码\\选股框架_2024.1.8.3\\program\\因子\\ROE.py'>}, '最大回撤': {'per_oft': ['W_0'], 'cls': <module 'program.因子.最大回撤' from 'D:\\Code\\直播代码\\选股框架_2024.1.8.3\\program\\因子\\最大回撤.py'>}, 'Ret': {'per_oft': ['W_0'], 'cls': <module 'program.因子.Ret' from 'D:\\Code\\直播代码\\选股框架_2024.1.8.3\\program\\因子\\Ret.py'>}, 'alpha95': {'per_oft': ['W_0'], 'cls': <module 'program.因子.alpha95' from 'D:\\Code\\直播代码\\选股框架_2024.1.8.3\\program\\因子\\alpha95.py'>}, '换手率': {'per_oft': ['W_0'], 'cls': <module 'program.因子.换手率' from 'D:\\Code\\直播代码\\选股框架_2024.1.8.3\\program\\因子\\换手率.py'>}, '归母净利润': {'per_oft': ['W_0'], 'cls': <module 'program.因子.归母净利润' from 'D:\\Code\\直播代码\\选股框架_2024.1.8.3\\program\\因子\\归母净利润.py'>}, '现金流负债比': {'per_oft': ['W_0'], 'cls': <module 'program.因子.现金流负债比' from 'D:\\Code\\直播代码\\选股框架_2024.1.8.3\\program\\因子\\现金流负债比.py'>}, '资金流因子': {'per_oft': ['W_0'], 'cls': <module 'program.因子.资金流因子' from 'D:\\Code\\直播代码\\选股框架_2024.1.8.3\\program\\因子\\资金流因子.py'>}, 'WR': {'per_oft': ['W_0'], 'cls': <module 'program.因子.WR' from 'D:\\Code\\直播代码\\选股框架_2024.1.8.3\\program\\因子\\WR.py'>}, 'JS': {'per_oft': ['W_0'], 'cls': <module 'program.因子.JS' from 'D:\\Code\\直播代码\\选股框架_2024.1.8.3\\program\\因子\\JS.py'>}, '动量': {'per_oft': ['W_0'], 'cls': <module 'program.因子.动量' from 'D:\\Code\\直播代码\\选股框架_2024.1.8.3\\program\\因子\\动量.py'>}, '最近N日的换手率': {'per_oft': ['W_0'], 'cls': <module 'program.因子.最近N日的换手率' from 'D:\\Code\\直播代码\\选股框架_2024.1.8.3\\program\\因子\\最近N日的换手率.py'>}, '胜率': {'per_oft': ['W_0'], 'cls': <module 'program.因子.胜率' from 'D:\\Code\\直播代码\\选股框架_2024.1.8.3\\program\\因子\\胜率.py'>}}
INFO:root:17:51:02 --> 脚本1：回测模式，所有offset都将运行
INFO:root:17:51:21 --> 当前错题集状态正常，无需更新~~
INFO:root:17:51:22 --> 因子校验正确，继续执行数据整理任务。√
INFO:root:17:51:22 --> 脚本1：股票数量：5383
INFO:root:17:51:22 --> 从指数获取最新交易日：2024-09-09，交易模式：False
INFO:root:17:51:23 --> 因子信息：{'A股溢价率': {'per_oft': ['W_0'], 'cls': <module 'program.因子.A股溢价率' from 'D:\\Code\\直播代码\\选股框架_2024.1.8.3\\program\\因子\\A股溢价率.py'>}, 'BP': {'per_oft': ['W_0'], 'cls': <module 'program.因子.BP' from 'D:\\Code\\直播代码\\选股框架_2024.1.8.3\\program\\因子\\BP.py'>}, 'EP': {'per_oft': ['W_0'], 'cls': <module 'program.因子.EP' from 'D:\\Code\\直播代码\\选股框架_2024.1.8.3\\program\\因子\\EP.py'>}, '红利因子': {'per_oft': ['W_0'], 'cls': <module 'program.因子.红利因子' from 'D:\\Code\\直播代码\\选股框架_2024.1.8.3\\program\\因子\\红利因子.py'>}, '归母净利润同比增速': {'per_oft': ['W_0'], 'cls': <module 'program.因子.归母净利润同比增速' from 'D:\\Code\\直播代码\\选股框架_2024.1.8.3\\program\\因子\\归母净利润同比增速.py'>}, '风格因子': {'per_oft': ['W_0'], 'cls': <module 'program.因子.风格因子' from 'D:\\Code\\直播代码\\选股框架_2024.1.8.3\\program\\因子\\风格因子.py'>}, '波动率': {'per_oft': ['W_0'], 'cls': <module 'program.因子.波动率' from 'D:\\Code\\直播代码\\选股框架_2024.1.8.3\\program\\因子\\波动率.py'>}, '成交额相关因子': {'per_oft': ['W_0'], 'cls': <module 'program.因子.成交额相关因子' from 'D:\\Code\\直播代码\\选股框架_2024.1.8.3\\program\\因子\\成交额相关因子.py'>}, 'ROE': {'per_oft': ['W_0'], 'cls': <module 'program.因子.ROE' from 'D:\\Code\\直播代码\\选股框架_2024.1.8.3\\program\\因子\\ROE.py'>}, '最大回撤': {'per_oft': ['W_0'], 'cls': <module 'program.因子.最大回撤' from 'D:\\Code\\直播代码\\选股框架_2024.1.8.3\\program\\因子\\最大回撤.py'>}, 'Ret': {'per_oft': ['W_0'], 'cls': <module 'program.因子.Ret' from 'D:\\Code\\直播代码\\选股框架_2024.1.8.3\\program\\因子\\Ret.py'>}, 'alpha95': {'per_oft': ['W_0'], 'cls': <module 'program.因子.alpha95' from 'D:\\Code\\直播代码\\选股框架_2024.1.8.3\\program\\因子\\alpha95.py'>}, '换手率': {'per_oft': ['W_0'], 'cls': <module 'program.因子.换手率' from 'D:\\Code\\直播代码\\选股框架_2024.1.8.3\\program\\因子\\换手率.py'>}, '归母净利润': {'per_oft': ['W_0'], 'cls': <module 'program.因子.归母净利润' from 'D:\\Code\\直播代码\\选股框架_2024.1.8.3\\program\\因子\\归母净利润.py'>}, '现金流负债比': {'per_oft': ['W_0'], 'cls': <module 'program.因子.现金流负债比' from 'D:\\Code\\直播代码\\选股框架_2024.1.8.3\\program\\因子\\现金流负债比.py'>}, '资金流因子': {'per_oft': ['W_0'], 'cls': <module 'program.因子.资金流因子' from 'D:\\Code\\直播代码\\选股框架_2024.1.8.3\\program\\因子\\资金流因子.py'>}, 'WR': {'per_oft': ['W_0'], 'cls': <module 'program.因子.WR' from 'D:\\Code\\直播代码\\选股框架_2024.1.8.3\\program\\因子\\WR.py'>}, 'JS': {'per_oft': ['W_0'], 'cls': <module 'program.因子.JS' from 'D:\\Code\\直播代码\\选股框架_2024.1.8.3\\program\\因子\\JS.py'>}, '动量': {'per_oft': ['W_0'], 'cls': <module 'program.因子.动量' from 'D:\\Code\\直播代码\\选股框架_2024.1.8.3\\program\\因子\\动量.py'>}, '最近N日的换手率': {'per_oft': ['W_0'], 'cls': <module 'program.因子.最近N日的换手率' from 'D:\\Code\\直播代码\\选股框架_2024.1.8.3\\program\\因子\\最近N日的换手率.py'>}, '胜率': {'per_oft': ['W_0'], 'cls': <module 'program.因子.胜率' from 'D:\\Code\\直播代码\\选股框架_2024.1.8.3\\program\\因子\\胜率.py'>}}
INFO:root:17:51:23 --> 脚本1：回测模式，所有offset都将运行
INFO:root:18:05:44 --> 当前错题集状态正常，无需更新~~
INFO:root:18:05:44 --> 因子校验正确，继续执行数据整理任务。√
INFO:root:18:05:44 --> 脚本1：股票数量：5383
INFO:root:18:05:44 --> 从指数获取最新交易日：2024-09-09，交易模式：False
INFO:root:18:05:45 --> 因子信息：{'A股溢价率': {'per_oft': ['W_0'], 'cls': <module 'program.因子.A股溢价率' from 'D:\\Code\\直播代码\\选股框架_2024.1.8.3\\program\\因子\\A股溢价率.py'>}, 'BP': {'per_oft': ['W_0'], 'cls': <module 'program.因子.BP' from 'D:\\Code\\直播代码\\选股框架_2024.1.8.3\\program\\因子\\BP.py'>}, 'EP': {'per_oft': ['W_0'], 'cls': <module 'program.因子.EP' from 'D:\\Code\\直播代码\\选股框架_2024.1.8.3\\program\\因子\\EP.py'>}, '红利因子': {'per_oft': ['W_0'], 'cls': <module 'program.因子.红利因子' from 'D:\\Code\\直播代码\\选股框架_2024.1.8.3\\program\\因子\\红利因子.py'>}, '归母净利润同比增速': {'per_oft': ['W_0'], 'cls': <module 'program.因子.归母净利润同比增速' from 'D:\\Code\\直播代码\\选股框架_2024.1.8.3\\program\\因子\\归母净利润同比增速.py'>}, '风格因子': {'per_oft': ['W_0'], 'cls': <module 'program.因子.风格因子' from 'D:\\Code\\直播代码\\选股框架_2024.1.8.3\\program\\因子\\风格因子.py'>}, '波动率': {'per_oft': ['W_0'], 'cls': <module 'program.因子.波动率' from 'D:\\Code\\直播代码\\选股框架_2024.1.8.3\\program\\因子\\波动率.py'>}, '成交额相关因子': {'per_oft': ['W_0'], 'cls': <module 'program.因子.成交额相关因子' from 'D:\\Code\\直播代码\\选股框架_2024.1.8.3\\program\\因子\\成交额相关因子.py'>}, 'ROE': {'per_oft': ['W_0'], 'cls': <module 'program.因子.ROE' from 'D:\\Code\\直播代码\\选股框架_2024.1.8.3\\program\\因子\\ROE.py'>}, '最大回撤': {'per_oft': ['W_0'], 'cls': <module 'program.因子.最大回撤' from 'D:\\Code\\直播代码\\选股框架_2024.1.8.3\\program\\因子\\最大回撤.py'>}, 'Ret': {'per_oft': ['W_0'], 'cls': <module 'program.因子.Ret' from 'D:\\Code\\直播代码\\选股框架_2024.1.8.3\\program\\因子\\Ret.py'>}, 'alpha95': {'per_oft': ['W_0'], 'cls': <module 'program.因子.alpha95' from 'D:\\Code\\直播代码\\选股框架_2024.1.8.3\\program\\因子\\alpha95.py'>}, '换手率': {'per_oft': ['W_0'], 'cls': <module 'program.因子.换手率' from 'D:\\Code\\直播代码\\选股框架_2024.1.8.3\\program\\因子\\换手率.py'>}, '归母净利润': {'per_oft': ['W_0'], 'cls': <module 'program.因子.归母净利润' from 'D:\\Code\\直播代码\\选股框架_2024.1.8.3\\program\\因子\\归母净利润.py'>}, '现金流负债比': {'per_oft': ['W_0'], 'cls': <module 'program.因子.现金流负债比' from 'D:\\Code\\直播代码\\选股框架_2024.1.8.3\\program\\因子\\现金流负债比.py'>}, '资金流因子': {'per_oft': ['W_0'], 'cls': <module 'program.因子.资金流因子' from 'D:\\Code\\直播代码\\选股框架_2024.1.8.3\\program\\因子\\资金流因子.py'>}, 'WR': {'per_oft': ['W_0'], 'cls': <module 'program.因子.WR' from 'D:\\Code\\直播代码\\选股框架_2024.1.8.3\\program\\因子\\WR.py'>}, 'JS': {'per_oft': ['W_0'], 'cls': <module 'program.因子.JS' from 'D:\\Code\\直播代码\\选股框架_2024.1.8.3\\program\\因子\\JS.py'>}, '动量': {'per_oft': ['W_0'], 'cls': <module 'program.因子.动量' from 'D:\\Code\\直播代码\\选股框架_2024.1.8.3\\program\\因子\\动量.py'>}, '最近N日的换手率': {'per_oft': ['W_0'], 'cls': <module 'program.因子.最近N日的换手率' from 'D:\\Code\\直播代码\\选股框架_2024.1.8.3\\program\\因子\\最近N日的换手率.py'>}, '胜率': {'per_oft': ['W_0'], 'cls': <module 'program.因子.胜率' from 'D:\\Code\\直播代码\\选股框架_2024.1.8.3\\program\\因子\\胜率.py'>}}
INFO:root:18:05:45 --> 脚本1：回测模式，所有offset都将运行
INFO:root:18:51:15 --> 当前错题集状态正常，无需更新~~
INFO:root:18:51:15 --> 脚本2：策略文件：小市值，交易模式：False，save_result：True
INFO:root:18:51:15 --> 从指数获取最新交易日：2024-09-09，交易模式：False
INFO:root:18:51:15 --> 脚本2：回测模式，所有offset都将运行
INFO:root:18:51:15 --> 脚本2：========策略：小市值 ==per_oft：W_0==开仓状态：False======
INFO:root:18:51:21 --> 脚本2：原始数据截止时间：2024-08-23 00:00:00
INFO:root:18:51:30 --> 脚本2：选股后数据截止时间：2024-08-16 00:00:00
INFO:root:18:51:31 --> 2024-08-16 00:00:00对应的周期数是5.0，最大日期在日历里的索引是4766，找到真正的截止日期是2024-08-23 00:00:00
INFO:root:记录日志错误[Errno 22] Invalid argument
INFO:root:18:55:40 --> Traceback (most recent call last):
  File "D:/Code/直播代码/选股框架_2024.1.8.3/program/1_选股数据整理.py", line 174, in <module>
    calculate_by_stock(stock)
  File "D:/Code/直播代码/选股框架_2024.1.8.3/program/1_选股数据整理.py", line 121, in calculate_by_stock
    raise err
  File "D:/Code/直播代码/选股框架_2024.1.8.3/program/1_选股数据整理.py", line 39, in calculate_by_stock
    print(code, '开始计算')
OSError: [Errno 22] Invalid argument

未在错题集里面找到对应的答案，如果自己搞不定的话，及时找助教帮忙哦~
