INFO:root:10:53:29 --> 错题集更新成功，当前版本号：240725
INFO:root:10:53:29 --> 因子校验正确，继续执行数据整理任务。√
INFO:root:10:53:29 --> 脚本1：股票数量：5383
INFO:root:10:53:29 --> 从指数获取最新交易日：2024-09-10，交易模式：False
INFO:root:10:53:29 --> 因子信息：{'成交额相关因子': {'per_oft': ['W_0'], 'cls': <module 'program.因子.成交额相关因子' from 'D:\\Code\\直播代码\\选股框架_2024.1.8.3\\program\\因子\\成交额相关因子.py'>}, '风格因子': {'per_oft': ['W_0'], 'cls': <module 'program.因子.风格因子' from 'D:\\Code\\直播代码\\选股框架_2024.1.8.3\\program\\因子\\风格因子.py'>}}
INFO:root:10:53:29 --> 脚本1：回测模式，所有offset都将运行
INFO:root:10:53:41 --> 当前错题集状态正常，无需更新~~
INFO:root:10:53:41 --> 因子校验正确，继续执行数据整理任务。√
INFO:root:10:53:41 --> 脚本1：股票数量：5383
INFO:root:10:53:41 --> 从指数获取最新交易日：2024-09-10，交易模式：False
INFO:root:10:53:41 --> 因子信息：{'成交额相关因子': {'per_oft': ['W_0'], 'cls': <module 'program.因子.成交额相关因子' from 'D:\\Code\\直播代码\\选股框架_2024.1.8.3\\program\\因子\\成交额相关因子.py'>}, '风格因子': {'per_oft': ['W_0'], 'cls': <module 'program.因子.风格因子' from 'D:\\Code\\直播代码\\选股框架_2024.1.8.3\\program\\因子\\风格因子.py'>}}
INFO:root:10:53:41 --> 脚本1：回测模式，所有offset都将运行
INFO:root:10:53:45 --> 当前错题集状态正常，无需更新~~
INFO:root:10:53:45 --> 当前错题集状态正常，无需更新~~
INFO:root:10:53:45 --> 当前错题集状态正常，无需更新~~
INFO:root:10:53:45 --> 当前错题集状态正常，无需更新~~
INFO:root:10:53:45 --> 当前错题集状态正常，无需更新~~
INFO:root:10:53:45 --> 当前错题集状态正常，无需更新~~
INFO:root:10:53:45 --> 当前错题集状态正常，无需更新~~
INFO:root:10:53:45 --> 当前错题集状态正常，无需更新~~
INFO:root:10:53:45 --> 当前错题集状态正常，无需更新~~
INFO:root:10:53:45 --> 当前错题集状态正常，无需更新~~
INFO:root:10:53:45 --> 当前错题集状态正常，无需更新~~
INFO:root:10:53:45 --> 当前错题集状态正常，无需更新~~
INFO:root:10:53:45 --> 当前错题集状态正常，无需更新~~
INFO:root:10:53:45 --> 当前错题集状态正常，无需更新~~
INFO:root:10:53:45 --> 当前错题集状态正常，无需更新~~
INFO:root:10:53:45 --> 当前错题集状态正常，无需更新~~
INFO:root:10:53:45 --> 当前错题集状态正常，无需更新~~
INFO:root:10:53:45 --> 当前错题集状态正常，无需更新~~
INFO:root:10:53:45 --> 当前错题集状态正常，无需更新~~
INFO:root:10:57:24 --> 脚本1：因子成交额相关因子、周期W_0计算完成，最新交易日期为：2024-09-10 00:00:00
INFO:root:10:57:46 --> 脚本1：因子风格因子、周期W_0计算完成，最新交易日期为：2024-09-10 00:00:00
INFO:root:10:57:54 --> 脚本1：因子基础数据、周期W_0计算完成，最新交易日期为：2024-09-10 00:00:00
INFO:root:10:57:54 --> 脚本1：耗时：253.26788640022278
INFO:root:10:58:17 --> 当前错题集状态正常，无需更新~~
INFO:root:10:58:19 --> 当前错题集状态正常，无需更新~~
INFO:root:10:58:19 --> 当前错题集状态正常，无需更新~~
INFO:root:10:58:19 --> 当前错题集状态正常，无需更新~~
INFO:root:10:58:19 --> 当前错题集状态正常，无需更新~~
INFO:root:10:58:19 --> 当前错题集状态正常，无需更新~~
INFO:root:10:58:19 --> 脚本2：策略文件：小市值，交易模式：False，save_result：True
INFO:root:10:58:19 --> 脚本2：策略文件：AH价差策略，交易模式：False，save_result：True
INFO:root:10:58:19 --> 脚本2：策略文件：低估值，交易模式：False，save_result：True
INFO:root:10:58:19 --> 脚本2：策略文件：分红策略，交易模式：False，save_result：True
INFO:root:10:58:19 --> 从指数获取最新交易日：2024-09-10，交易模式：False
INFO:root:10:58:19 --> 从指数获取最新交易日：2024-09-10，交易模式：False
INFO:root:10:58:19 --> 脚本2：策略文件：大市值，交易模式：False，save_result：True
INFO:root:10:58:19 --> 从指数获取最新交易日：2024-09-10，交易模式：False
INFO:root:10:58:19 --> 从指数获取最新交易日：2024-09-10，交易模式：False
INFO:root:10:58:19 --> 从指数获取最新交易日：2024-09-10，交易模式：False
INFO:root:10:58:19 --> 脚本2：回测模式，所有offset都将运行
INFO:root:10:58:19 --> 脚本2：========策略：小市值 ==per_oft：W_0==开仓状态：False======
INFO:root:10:58:19 --> 脚本2：回测模式，所有offset都将运行
INFO:root:10:58:19 --> 脚本2：========策略：AH价差策略 ==per_oft：W_0==开仓状态：False======
INFO:root:10:58:19 --> 脚本2：回测模式，所有offset都将运行
INFO:root:10:58:19 --> 脚本2：回测模式，所有offset都将运行
INFO:root:10:58:19 --> 脚本2：========策略：低估值 ==per_oft：W_0==开仓状态：False======
INFO:root:10:58:19 --> 脚本2：========策略：分红策略 ==per_oft：W_0==开仓状态：False======
INFO:root:10:58:19 --> 脚本2：回测模式，所有offset都将运行
INFO:root:10:58:19 --> 脚本2：========策略：大市值 ==per_oft：W_0==开仓状态：False======
INFO:root:10:58:25 --> 脚本2：原始数据截止时间：2024-09-10 00:00:00
INFO:root:10:58:29 --> 脚本2：原始数据截止时间：2024-09-10 00:00:00
INFO:root:10:58:29 --> 脚本2：原始数据截止时间：2024-09-10 00:00:00
INFO:root:10:58:31 --> 脚本2：原始数据截止时间：2024-09-10 00:00:00
INFO:root:10:58:39 --> 脚本2：原始数据截止时间：2024-09-10 00:00:00
INFO:root:10:58:39 --> 脚本2：选股后数据截止时间：2024-09-10 00:00:00
INFO:root:10:58:39 --> 脚本2：选股后数据截止时间：2024-08-23 00:00:00
INFO:root:10:58:39 --> 2024-08-23 00:00:00对应的周期数是5.0，最大日期在日历里的索引是4771，找到真正的截止日期是2024-08-30 00:00:00
INFO:root:10:58:40 --> 2024-09-06 00:00:00对应的周期数是2.0，最大日期在日历里的索引是4781，找到真正的截止日期是2024-09-10 00:00:00
INFO:root:10:58:41 --> 脚本2：选股后数据截止时间：2024-09-10 00:00:00
INFO:root:10:58:42 --> 2024-09-06 00:00:00对应的周期数是2.0，最大日期在日历里的索引是4781，找到真正的截止日期是2024-09-10 00:00:00
INFO:root:10:58:43 --> 当前错题集状态正常，无需更新~~
INFO:root:10:58:43 --> 脚本2：策略文件：小市值_lee，交易模式：False，save_result：True
INFO:root:10:58:43 --> 从指数获取最新交易日：2024-09-10，交易模式：False
INFO:root:10:58:43 --> 脚本2：回测模式，所有offset都将运行
INFO:root:10:58:43 --> 脚本2：========策略：小市值_lee ==per_oft：W_0==开仓状态：False======
INFO:root:10:58:44 --> 当前错题集状态正常，无需更新~~
INFO:root:10:58:44 --> 脚本2：策略文件：小市值_周黎明，交易模式：False，save_result：True
INFO:root:10:58:44 --> 从指数获取最新交易日：2024-09-10，交易模式：False
INFO:root:10:58:44 --> 脚本2：回测模式，所有offset都将运行
INFO:root:10:58:44 --> 脚本2：========策略：小市值_周黎明 ==per_oft：W_0==开仓状态：False======
INFO:root:10:58:45 --> 当前错题集状态正常，无需更新~~
INFO:root:10:58:45 --> 脚本2：策略文件：小市值_基本面优化，交易模式：False，save_result：True
INFO:root:10:58:45 --> 从指数获取最新交易日：2024-09-10，交易模式：False
INFO:root:10:58:45 --> 脚本2：回测模式，所有offset都将运行
INFO:root:10:58:45 --> 脚本2：========策略：小市值_基本面优化 ==per_oft：W_0==开仓状态：False======
INFO:root:10:58:46 --> 脚本2：选股后数据截止时间：2024-08-23 00:00:00
INFO:root:10:58:47 --> 2024-08-23 00:00:00对应的周期数是5.0，最大日期在日历里的索引是4771，找到真正的截止日期是2024-08-30 00:00:00
INFO:root:10:58:51 --> 当前错题集状态正常，无需更新~~
INFO:root:10:58:51 --> 脚本2：策略文件：小市值_行业高分红，交易模式：False，save_result：True
INFO:root:10:58:51 --> 从指数获取最新交易日：2024-09-10，交易模式：False
INFO:root:10:58:51 --> 脚本2：回测模式，所有offset都将运行
INFO:root:10:58:51 --> 脚本2：========策略：小市值_行业高分红 ==per_oft：W_0==开仓状态：False======
INFO:root:10:58:56 --> 脚本2：原始数据截止时间：2024-09-10 00:00:00
INFO:root:10:58:57 --> 脚本2：选股后数据截止时间：2024-08-23 00:00:00
INFO:root:10:58:58 --> 2024-08-23 00:00:00对应的周期数是5.0，最大日期在日历里的索引是4771，找到真正的截止日期是2024-08-30 00:00:00
INFO:root:10:58:58 --> 脚本2：原始数据截止时间：2024-09-10 00:00:00
INFO:root:10:58:58 --> 脚本2：原始数据截止时间：2024-09-10 00:00:00
INFO:root:10:59:01 --> 当前错题集状态正常，无需更新~~
INFO:root:10:59:01 --> 脚本2：策略文件：小市值_过滤优化，交易模式：False，save_result：True
INFO:root:10:59:01 --> 从指数获取最新交易日：2024-09-10，交易模式：False
INFO:root:10:59:01 --> 脚本2：回测模式，所有offset都将运行
INFO:root:10:59:01 --> 脚本2：========策略：小市值_过滤优化 ==per_oft：W_0==开仓状态：False======
INFO:root:10:59:06 --> 脚本2：原始数据截止时间：2024-09-10 00:00:00
INFO:root:10:59:08 --> 脚本2：选股后数据截止时间：2024-08-23 00:00:00
INFO:root:10:59:08 --> 2024-08-23 00:00:00对应的周期数是5.0，最大日期在日历里的索引是4771，找到真正的截止日期是2024-08-30 00:00:00
INFO:root:10:59:09 --> 脚本2：选股后数据截止时间：2024-08-23 00:00:00
INFO:root:10:59:10 --> 2024-08-23 00:00:00对应的周期数是5.0，最大日期在日历里的索引是4771，找到真正的截止日期是2024-08-30 00:00:00
INFO:root:10:59:11 --> 脚本2：选股后数据截止时间：2024-08-23 00:00:00
INFO:root:10:59:11 --> 2024-08-23 00:00:00对应的周期数是5.0，最大日期在日历里的索引是4771，找到真正的截止日期是2024-08-30 00:00:00
INFO:root:10:59:12 --> 当前错题集状态正常，无需更新~~
INFO:root:10:59:12 --> 脚本2：策略文件：小市值_量价优化，交易模式：False，save_result：True
INFO:root:10:59:12 --> 从指数获取最新交易日：2024-09-10，交易模式：False
INFO:root:10:59:12 --> 脚本2：回测模式，所有offset都将运行
INFO:root:10:59:12 --> 脚本2：========策略：小市值_量价优化 ==per_oft：W_0==开仓状态：False======
INFO:root:10:59:13 --> 当前错题集状态正常，无需更新~~
INFO:root:10:59:13 --> 脚本2：策略文件：新股小市值，交易模式：False，save_result：True
INFO:root:10:59:13 --> 从指数获取最新交易日：2024-09-10，交易模式：False
INFO:root:10:59:13 --> 脚本2：回测模式，所有offset都将运行
INFO:root:10:59:13 --> 脚本2：========策略：新股小市值 ==per_oft：W_0==开仓状态：False======
INFO:root:10:59:14 --> 脚本2：原始数据截止时间：2024-09-10 00:00:00
INFO:root:10:59:14 --> 当前错题集状态正常，无需更新~~
INFO:root:10:59:14 --> 脚本2：策略文件：笛卡尔2，交易模式：False，save_result：True
INFO:root:10:59:14 --> 从指数获取最新交易日：2024-09-10，交易模式：False
INFO:root:10:59:14 --> 脚本2：回测模式，所有offset都将运行
INFO:root:10:59:14 --> 脚本2：========策略：笛卡尔2 ==per_oft：W_0==开仓状态：False======
INFO:root:10:59:17 --> 脚本2：选股后数据截止时间：2024-08-23 00:00:00
INFO:root:10:59:18 --> 2024-08-23 00:00:00对应的周期数是5.0，最大日期在日历里的索引是4771，找到真正的截止日期是2024-08-30 00:00:00
INFO:root:10:59:20 --> 脚本2：原始数据截止时间：2024-09-10 00:00:00
INFO:root:10:59:21 --> 当前错题集状态正常，无需更新~~
INFO:root:10:59:21 --> 脚本2：策略文件：策略_26237，交易模式：False，save_result：True
INFO:root:10:59:21 --> 从指数获取最新交易日：2024-09-10，交易模式：False
INFO:root:10:59:21 --> 脚本2：回测模式，所有offset都将运行
INFO:root:10:59:21 --> 脚本2：========策略：策略_26237 ==per_oft：W_0==开仓状态：False======
INFO:root:10:59:22 --> 脚本2：原始数据截止时间：2024-09-10 00:00:00
INFO:root:10:59:23 --> 脚本2：原始数据截止时间：2024-09-10 00:00:00
INFO:root:10:59:25 --> 脚本2：选股后数据截止时间：2024-08-23 00:00:00
INFO:root:10:59:25 --> 2024-08-23 00:00:00对应的周期数是5.0，最大日期在日历里的索引是4771，找到真正的截止日期是2024-08-30 00:00:00
INFO:root:10:59:28 --> 当前错题集状态正常，无需更新~~
INFO:root:10:59:28 --> 脚本2：策略文件：策略_26489，交易模式：False，save_result：True
INFO:root:10:59:28 --> 从指数获取最新交易日：2024-09-10，交易模式：False
INFO:root:10:59:28 --> 脚本2：回测模式，所有offset都将运行
INFO:root:10:59:28 --> 脚本2：========策略：策略_26489 ==per_oft：W_0==开仓状态：False======
INFO:root:10:59:30 --> 脚本2：选股后数据截止时间：2024-08-23 00:00:00
INFO:root:10:59:30 --> 2024-08-23 00:00:00对应的周期数是5.0，最大日期在日历里的索引是4771，找到真正的截止日期是2024-08-30 00:00:00
INFO:root:10:59:31 --> 脚本2：选股后数据截止时间：2024-09-10 00:00:00
INFO:root:10:59:31 --> 2024-09-06 00:00:00对应的周期数是2.0，最大日期在日历里的索引是4781，找到真正的截止日期是2024-09-10 00:00:00
INFO:root:10:59:33 --> 当前错题集状态正常，无需更新~~
INFO:root:10:59:33 --> 脚本2：策略文件：策略_小栗子，交易模式：False，save_result：True
INFO:root:10:59:33 --> 从指数获取最新交易日：2024-09-10，交易模式：False
INFO:root:10:59:33 --> 脚本2：回测模式，所有offset都将运行
INFO:root:10:59:33 --> 脚本2：========策略：策略_小栗子 ==per_oft：W_0==开仓状态：False======
INFO:root:10:59:34 --> 当前错题集状态正常，无需更新~~
INFO:root:10:59:34 --> 脚本2：策略文件：诺亚方舟，交易模式：False，save_result：True
INFO:root:10:59:34 --> 从指数获取最新交易日：2024-09-10，交易模式：False
INFO:root:10:59:34 --> 脚本2：回测模式，所有offset都将运行
INFO:root:10:59:34 --> 脚本2：========策略：诺亚方舟 ==per_oft：W_0==开仓状态：False======
INFO:root:10:59:38 --> 脚本2：选股后数据截止时间：2024-08-23 00:00:00
INFO:root:10:59:38 --> 2024-08-23 00:00:00对应的周期数是5.0，最大日期在日历里的索引是4771，找到真正的截止日期是2024-08-30 00:00:00
INFO:root:10:59:39 --> 脚本2：原始数据截止时间：2024-09-10 00:00:00
INFO:root:10:59:41 --> 脚本2：原始数据截止时间：2024-09-10 00:00:00
INFO:root:10:59:42 --> 当前错题集状态正常，无需更新~~
INFO:root:10:59:42 --> 脚本2：策略文件：诺亚方舟2，交易模式：False，save_result：True
INFO:root:10:59:42 --> 从指数获取最新交易日：2024-09-10，交易模式：False
INFO:root:10:59:42 --> 脚本2：回测模式，所有offset都将运行
INFO:root:10:59:42 --> 脚本2：========策略：诺亚方舟2 ==per_oft：W_0==开仓状态：False======
INFO:root:10:59:44 --> 脚本2：原始数据截止时间：2024-09-10 00:00:00
INFO:root:10:59:53 --> 脚本2：原始数据截止时间：2024-09-10 00:00:00
INFO:root:10:59:53 --> 脚本2：选股后数据截止时间：2024-08-23 00:00:00
INFO:root:10:59:53 --> 2024-08-23 00:00:00对应的周期数是5.0，最大日期在日历里的索引是4771，找到真正的截止日期是2024-08-30 00:00:00
INFO:root:10:59:54 --> 脚本2：选股后数据截止时间：2024-08-23 00:00:00
INFO:root:10:59:54 --> 2024-08-23 00:00:00对应的周期数是5.0，最大日期在日历里的索引是4771，找到真正的截止日期是2024-08-30 00:00:00
INFO:root:10:59:55 --> 脚本2：选股后数据截止时间：2024-08-23 00:00:00
INFO:root:10:59:55 --> 2024-08-23 00:00:00对应的周期数是5.0，最大日期在日历里的索引是4771，找到真正的截止日期是2024-08-30 00:00:00
INFO:root:10:59:57 --> 脚本2：原始数据截止时间：2024-09-10 00:00:00
INFO:root:11:00:03 --> 脚本2：选股后数据截止时间：2024-08-23 00:00:00
INFO:root:11:00:03 --> 2024-08-23 00:00:00对应的周期数是5.0，最大日期在日历里的索引是4771，找到真正的截止日期是2024-08-30 00:00:00
INFO:root:11:00:04 --> 脚本2：选股后数据截止时间：2024-08-23 00:00:00
INFO:root:11:00:04 --> 2024-08-23 00:00:00对应的周期数是5.0，最大日期在日历里的索引是4771，找到真正的截止日期是2024-08-30 00:00:00
INFO:root:11:02:00 --> 当前错题集状态正常，无需更新~~
INFO:root:11:02:00 --> 脚本2：策略文件：小市值，交易模式：False，save_result：True
INFO:root:11:02:00 --> 从指数获取最新交易日：2024-09-10，交易模式：False
INFO:root:11:02:00 --> 脚本2：回测模式，所有offset都将运行
INFO:root:11:02:00 --> 脚本2：========策略：小市值 ==per_oft：W_0==开仓状态：False======
INFO:root:11:02:04 --> 脚本2：原始数据截止时间：2024-09-10 00:00:00
INFO:root:11:02:10 --> 脚本2：选股后数据截止时间：2024-09-10 00:00:00
INFO:root:11:02:10 --> 2024-09-06 00:00:00对应的周期数是2.0，最大日期在日历里的索引是4781，找到真正的截止日期是2024-09-10 00:00:00
INFO:root:11:05:32 --> 当前错题集状态正常，无需更新~~
INFO:root:11:05:32 --> 因子校验正确，继续执行数据整理任务。√
INFO:root:11:05:32 --> 脚本1：股票数量：5383
INFO:root:11:05:32 --> 从指数获取最新交易日：2024-09-10，交易模式：False
INFO:root:11:05:32 --> 因子信息：{'成交额相关因子': {'per_oft': ['W_0', 'W_2'], 'cls': <module 'program.因子.成交额相关因子' from 'D:\\Code\\直播代码\\选股框架_2024.1.8.3\\program\\因子\\成交额相关因子.py'>}, '风格因子': {'per_oft': ['W_0'], 'cls': <module 'program.因子.风格因子' from 'D:\\Code\\直播代码\\选股框架_2024.1.8.3\\program\\因子\\风格因子.py'>}}
INFO:root:11:05:32 --> 脚本1：回测模式，所有offset都将运行
INFO:root:11:05:34 --> 当前错题集状态正常，无需更新~~
INFO:root:11:05:34 --> 当前错题集状态正常，无需更新~~
INFO:root:11:05:34 --> 当前错题集状态正常，无需更新~~
INFO:root:11:05:34 --> 当前错题集状态正常，无需更新~~
INFO:root:11:05:34 --> 当前错题集状态正常，无需更新~~
INFO:root:11:05:34 --> 当前错题集状态正常，无需更新~~
INFO:root:11:05:34 --> 当前错题集状态正常，无需更新~~
INFO:root:11:05:34 --> 当前错题集状态正常，无需更新~~
INFO:root:11:05:34 --> 当前错题集状态正常，无需更新~~
INFO:root:11:05:34 --> 当前错题集状态正常，无需更新~~
INFO:root:11:05:34 --> 当前错题集状态正常，无需更新~~
INFO:root:11:05:34 --> 当前错题集状态正常，无需更新~~
INFO:root:11:05:34 --> 当前错题集状态正常，无需更新~~
INFO:root:11:05:34 --> 当前错题集状态正常，无需更新~~
INFO:root:11:05:34 --> 当前错题集状态正常，无需更新~~
INFO:root:11:05:34 --> 当前错题集状态正常，无需更新~~
INFO:root:11:05:34 --> 当前错题集状态正常，无需更新~~
INFO:root:11:05:34 --> 当前错题集状态正常，无需更新~~
INFO:root:11:05:34 --> 当前错题集状态正常，无需更新~~
INFO:root:11:09:59 --> 脚本1：因子成交额相关因子、周期W_0计算完成，最新交易日期为：2024-09-10 00:00:00
INFO:root:11:10:01 --> 脚本1：因子成交额相关因子、周期W_2计算完成，最新交易日期为：2024-09-10 00:00:00
INFO:root:11:10:23 --> 脚本1：因子风格因子、周期W_0计算完成，最新交易日期为：2024-09-10 00:00:00
INFO:root:11:10:32 --> 脚本1：因子基础数据、周期W_0计算完成，最新交易日期为：2024-09-10 00:00:00
INFO:root:11:10:41 --> 脚本1：因子基础数据、周期W_2计算完成，最新交易日期为：2024-09-10 00:00:00
INFO:root:11:10:41 --> 脚本1：耗时：308.92202520370483
INFO:root:11:11:03 --> 当前错题集状态正常，无需更新~~
INFO:root:11:11:03 --> 脚本2：策略文件：小市值，交易模式：True，save_result：True
INFO:root:11:11:03 --> 从指数获取最新交易日：2024-09-10，交易模式：True
INFO:root:11:11:03 --> 回测开始时间：2009-01-05
INFO:root:11:11:03 --> 脚本2：实盘模式，仅对应offset将被运行
INFO:root:11:11:03 --> 脚本2：实盘模式，per_oft：W_0，不予以运行
INFO:root:11:11:03 --> 脚本2：========策略：小市值 ==per_oft：W_2==开仓状态：True======
INFO:root:11:11:07 --> 脚本2：原始数据截止时间：2024-09-10 00:00:00
INFO:root:11:11:19 --> 脚本2：选股后数据截止时间：2024-09-10 00:00:00
INFO:root:11:11:19 --> 2024-09-03 00:00:00对应的周期数是5.0，最大日期在日历里的索引是4778，找到真正的截止日期是2024-09-10 00:00:00
INFO:root:11:11:20 --> 选股结果最新日期：2024-09-10 00:00:00
INFO:root:11:11:20 --> 最新交易日期：2024-09-10 00:00:00
INFO:root:11:11:20 --> 当前择时信号为：1.0
INFO:root:11:37:41 --> 当前错题集状态正常，无需更新~~
INFO:root:11:37:41 --> 脚本2：策略文件：小市值，交易模式：True，save_result：True
INFO:root:11:37:41 --> 从指数获取最新交易日：2024-09-10，交易模式：True
INFO:root:11:37:41 --> 回测开始时间：2009-01-05
INFO:root:11:37:41 --> 脚本2：实盘模式，仅对应offset将被运行
INFO:root:11:37:41 --> 脚本2：实盘模式，per_oft：W_0，不予以运行
INFO:root:11:37:41 --> 脚本2：========策略：小市值 ==per_oft：W_2==开仓状态：True======
INFO:root:11:37:45 --> 脚本2：原始数据截止时间：2024-09-10 00:00:00
INFO:root:14:58:30 --> 当前错题集状态正常，无需更新~~
INFO:root:14:58:30 --> 开始进行双因子 成交额_Std20 和 Ret_20 分析...
INFO:root:14:58:30 --> 双因子分析：W_0 成交额_Std20 Ret_20，开始处理数据...
INFO:root:15:14:24 --> 当前错题集状态正常，无需更新~~
INFO:root:15:14:24 --> 开始进行双因子 成交额_Std20 和 Ret_20 分析...
INFO:root:15:14:24 --> 双因子分析：W_0 成交额_Std20 Ret_20，开始处理数据...
INFO:root:15:18:40 --> 当前错题集状态正常，无需更新~~
INFO:root:15:18:40 --> 开始进行双因子 成交额_Std20 和 Ret_20 分析...
INFO:root:15:18:40 --> 双因子分析：W_0 成交额_Std20 Ret_20，开始处理数据...
INFO:root:15:20:20 --> Traceback (most recent call last):
  File "D:/Code/直播代码/选股框架_2024.1.8.3/Tools/1_因子分析_双因子.py", line 112, in <module>
    result_list = factor_analysis_for_double(per_oft)
  File "D:/Code/直播代码/选股框架_2024.1.8.3/Tools/1_因子分析_双因子.py", line 82, in factor_analysis_for_double
    _group_style_corr = tFun.get_style_corr_double(df, main_factor, sub_factor, per_oft, target)
  File "D:\Code\直播代码\选股框架_2024.1.8.3\Tools\utils\tFunctions.py", line 862, in get_style_corr_double
    main_factor_style_corr1 = temp.groupby('交易日期').apply(lambda x: func(x, '排名_主因子', factor_style_cols))
  File "C:\Users\Quant\AppData\Local\Programs\Python\Python38\lib\site-packages\pandas\core\groupby\groupby.py", line 1567, in apply
    result = self._python_apply_general(f, self._selected_obj)
  File "C:\Users\Quant\AppData\Local\Programs\Python\Python38\lib\site-packages\pandas\core\groupby\groupby.py", line 1629, in _python_apply_general
    values, mutated = self.grouper.apply(f, data, self.axis)
  File "C:\Users\Quant\AppData\Local\Programs\Python\Python38\lib\site-packages\pandas\core\groupby\ops.py", line 839, in apply
    res = f(group)
  File "D:\Code\直播代码\选股框架_2024.1.8.3\Tools\utils\tFunctions.py", line 862, in <lambda>
    main_factor_style_corr1 = temp.groupby('交易日期').apply(lambda x: func(x, '排名_主因子', factor_style_cols))
  File "D:\Code\直播代码\选股框架_2024.1.8.3\Tools\utils\tFunctions.py", line 858, in func
    res = x[[factor] + style].corr(method='spearman').iloc[0, 1].to_frame()
AttributeError: 'numpy.float64' object has no attribute 'to_frame'

未在错题集里面找到对应的答案，如果自己搞不定的话，及时找助教帮忙哦~
INFO:root:15:20:42 --> 当前错题集状态正常，无需更新~~
INFO:root:15:20:42 --> 开始进行双因子 成交额_Std20 和 Ret_20 分析...
INFO:root:15:20:42 --> 双因子分析：W_0 成交额_Std20 Ret_20，开始处理数据...
INFO:root:15:23:09 --> 当前错题集状态正常，无需更新~~
INFO:root:15:23:09 --> 开始进行双因子 成交额_Std20 和 Ret_20 分析...
INFO:root:15:23:09 --> 双因子分析：W_0 成交额_Std20 Ret_20，开始处理数据...
INFO:root:15:23:17 --> 当前错题集状态正常，无需更新~~
INFO:root:15:23:18 --> 开始进行双因子 成交额_Std20 和 Ret_20 分析...
INFO:root:15:23:18 --> 双因子分析：W_0 成交额_Std20 Ret_20，开始处理数据...
INFO:root:15:27:38 --> 当前错题集状态正常，无需更新~~
INFO:root:15:27:38 --> 开始进行双因子 成交额_Std20 和 Ret_20 分析...
INFO:root:15:27:38 --> 双因子分析：W_0 成交额_Std20 Ret_20，开始处理数据...
INFO:root:15:28:13 --> 当前错题集状态正常，无需更新~~
INFO:root:15:28:13 --> 开始进行双因子 成交额_Std20 和 Ret_20 分析...
INFO:root:15:28:13 --> 双因子分析：W_0 成交额_Std20 Ret_20，开始处理数据...
INFO:root:15:30:19 --> 当前错题集状态正常，无需更新~~
INFO:root:15:30:19 --> 开始进行双因子 成交额_Std20 和 Ret_20 分析...
INFO:root:15:30:19 --> 双因子分析：W_0 成交额_Std20 Ret_20，开始处理数据...
INFO:root:15:37:59 --> 当前错题集状态正常，无需更新~~
INFO:root:15:37:59 --> 开始进行双因子 成交额_Std20 和 Ret_20 分析...
INFO:root:15:37:59 --> 双因子分析：W_0 成交额_Std20 Ret_20，开始处理数据...
INFO:root:15:38:48 --> 正在汇总各offset数据并画图...
INFO:root:15:38:51 --> 双因子 成交额_Std20 和 Ret_20 分析完成，耗时：0:00:51.917903
